Archive member included because of file (symbol)

c:/users/chalpathi/desktop/arm/bin/../lib/gcc/arm-none-eabi/4.8.4/armv7-m\libgcc.a(_ashrdi3.o)
                              C:\cygwin64\tmp\cclsPPfA.ltrans5.ltrans.o (__aeabi_lasr)
c:/users/chalpathi/desktop/arm/bin/../lib/gcc/arm-none-eabi/4.8.4/armv7-m\libgcc.a(_arm_addsubsf3.o)
                              C:\cygwin64\tmp\cclsPPfA.ltrans0.ltrans.o (__aeabi_fsub)
c:/users/chalpathi/desktop/arm/bin/../lib/gcc/arm-none-eabi/4.8.4/armv7-m\libgcc.a(_arm_muldivsf3.o)
                              C:\cygwin64\tmp\cclsPPfA.ltrans0.ltrans.o (__aeabi_fmul)
c:/users/chalpathi/desktop/arm/bin/../lib/gcc/arm-none-eabi/4.8.4/armv7-m\libgcc.a(_arm_cmpsf2.o)
                              C:\cygwin64\tmp\cclsPPfA.ltrans0.ltrans.o (__aeabi_fcmpeq)
c:/users/chalpathi/desktop/arm/bin/../lib/gcc/arm-none-eabi/4.8.4/armv7-m\libgcc.a(_arm_fixsfsi.o)
                              C:\cygwin64\tmp\cclsPPfA.ltrans0.ltrans.o (__aeabi_f2iz)
c:/users/chalpathi/desktop/arm/bin/../lib/gcc/arm-none-eabi/4.8.4/armv7-m\libgcc.a(_arm_fixunssfsi.o)
                              C:\cygwin64\tmp\cclsPPfA.ltrans0.ltrans.o (__aeabi_f2uiz)
c:/users/chalpathi/desktop/arm/bin/../lib/gcc/arm-none-eabi/4.8.4/armv7-m\libgcc.a(_aeabi_ldivmod.o)
                              C:\cygwin64\tmp\cclsPPfA.ltrans2.ltrans.o (__aeabi_ldivmod)
c:/users/chalpathi/desktop/arm/bin/../lib/gcc/arm-none-eabi/4.8.4/armv7-m\libgcc.a(_fixsfdi.o)
                              C:\cygwin64\tmp\cclsPPfA.ltrans5.ltrans.o (__aeabi_f2lz)
c:/users/chalpathi/desktop/arm/bin/../lib/gcc/arm-none-eabi/4.8.4/armv7-m\libgcc.a(_fixunssfdi.o)
                              c:/users/chalpathi/desktop/arm/bin/../lib/gcc/arm-none-eabi/4.8.4/armv7-m\libgcc.a(_fixsfdi.o) (__aeabi_f2ulz)
c:/users/chalpathi/desktop/arm/bin/../lib/gcc/arm-none-eabi/4.8.4/armv7-m\libgcc.a(bpabi.o)
                              c:/users/chalpathi/desktop/arm/bin/../lib/gcc/arm-none-eabi/4.8.4/armv7-m\libgcc.a(_aeabi_ldivmod.o) (__gnu_ldivmod_helper)
c:/users/chalpathi/desktop/arm/bin/../lib/gcc/arm-none-eabi/4.8.4/armv7-m\libgcc.a(_dvmd_tls.o)
                              c:/users/chalpathi/desktop/arm/bin/../lib/gcc/arm-none-eabi/4.8.4/armv7-m\libgcc.a(_aeabi_ldivmod.o) (__aeabi_ldiv0)
c:/users/chalpathi/desktop/arm/bin/../lib/gcc/arm-none-eabi/4.8.4/armv7-m\libgcc.a(_arm_addsubdf3.o)
                              c:/users/chalpathi/desktop/arm/bin/../lib/gcc/arm-none-eabi/4.8.4/armv7-m\libgcc.a(_fixunssfdi.o) (__aeabi_dsub)
c:/users/chalpathi/desktop/arm/bin/../lib/gcc/arm-none-eabi/4.8.4/armv7-m\libgcc.a(_arm_muldivdf3.o)
                              c:/users/chalpathi/desktop/arm/bin/../lib/gcc/arm-none-eabi/4.8.4/armv7-m\libgcc.a(_fixunssfdi.o) (__aeabi_dmul)
c:/users/chalpathi/desktop/arm/bin/../lib/gcc/arm-none-eabi/4.8.4/armv7-m\libgcc.a(_arm_fixunsdfsi.o)
                              c:/users/chalpathi/desktop/arm/bin/../lib/gcc/arm-none-eabi/4.8.4/armv7-m\libgcc.a(_fixunssfdi.o) (__aeabi_d2uiz)
c:/users/chalpathi/desktop/arm/bin/../lib/gcc/arm-none-eabi/4.8.4/armv7-m\libgcc.a(_divdi3.o)
                              c:/users/chalpathi/desktop/arm/bin/../lib/gcc/arm-none-eabi/4.8.4/armv7-m\libgcc.a(bpabi.o) (__divdi3)
c:/users/chalpathi/desktop/arm/bin/../lib/gcc/arm-none-eabi/4.8.4/armv7-m\libgcc.a(_udivdi3.o)
                              c:/users/chalpathi/desktop/arm/bin/../lib/gcc/arm-none-eabi/4.8.4/armv7-m\libgcc.a(bpabi.o) (__udivdi3)
c:/users/chalpathi/desktop/arm/bin/../lib/gcc/arm-none-eabi/4.8.4/../../../../arm-none-eabi/lib/armv7-m\libg_s.a(lib_a-memcpy-stub.o)
                              C:\cygwin64\tmp\cclsPPfA.ltrans7.ltrans.o (memcpy)
c:/users/chalpathi/desktop/arm/bin/../lib/gcc/arm-none-eabi/4.8.4/../../../../arm-none-eabi/lib/armv7-m\libg_s.a(lib_a-memset.o)
                              C:\cygwin64\tmp\cclsPPfA.ltrans1.ltrans.o (memset)
c:/users/chalpathi/desktop/arm/bin/../lib/gcc/arm-none-eabi/4.8.4/../../../../arm-none-eabi/lib/armv7-m\libg_s.a(lib_a-strchr.o)
                              C:\cygwin64\tmp\cclsPPfA.ltrans7.ltrans.o (strchr)
c:/users/chalpathi/desktop/arm/bin/../lib/gcc/arm-none-eabi/4.8.4/../../../../arm-none-eabi/lib/armv7-m\libg_s.a(lib_a-strlen.o)
                              C:\cygwin64\tmp\cclsPPfA.ltrans2.ltrans.o (strlen)
c:/users/chalpathi/desktop/arm/bin/../lib/gcc/arm-none-eabi/4.8.4/../../../../arm-none-eabi/lib/armv7-m\libm.a(lib_a-sf_lrint.o)
                              C:\cygwin64\tmp\cclsPPfA.ltrans0.ltrans.o (lrintf)
c:/users/chalpathi/desktop/arm/bin/../lib/gcc/arm-none-eabi/4.8.4/../../../../arm-none-eabi/lib/armv7-m\libm.a(lib_a-wf_acos.o)
                              C:\cygwin64\tmp\cclsPPfA.ltrans0.ltrans.o (acosf)
c:/users/chalpathi/desktop/arm/bin/../lib/gcc/arm-none-eabi/4.8.4/../../../../arm-none-eabi/lib/armv7-m\libm.a(lib_a-wf_atan2.o)
                              C:\cygwin64\tmp\cclsPPfA.ltrans0.ltrans.o (atan2f)
[...]
Memory Configuration

Name             Origin             Length             Attributes
FLASH            0x08000000         0x0000f800         xr
RAM              0x20000000         0x00005000         xrw
MEMORY_B1        0x60000000         0x00000000         xr
*default*        0x00000000         0xffffffff

Linker script and memory map

LOAD obj/main/CJMCU/startup_stm32f10x_md_gcc.o
LOAD obj/main/CJMCU/drivers/adc.o
LOAD C:\cygwin64\tmp\cclsPPfA.ltrans0.ltrans.o
LOAD C:\cygwin64\tmp\cclsPPfA.ltrans1.ltrans.o
LOAD C:\cygwin64\tmp\cclsPPfA.ltrans2.ltrans.o
LOAD C:\cygwin64\tmp\cclsPPfA.ltrans3.ltrans.o
LOAD C:\cygwin64\tmp\cclsPPfA.ltrans4.ltrans.o
LOAD C:\cygwin64\tmp\cclsPPfA.ltrans5.ltrans.o
LOAD C:\cygwin64\tmp\cclsPPfA.ltrans6.ltrans.o
LOAD C:\cygwin64\tmp\cclsPPfA.ltrans7.ltrans.o
LOAD C:\cygwin64\tmp\cclsPPfA.ltrans8.ltrans.o
LOAD C:\cygwin64\tmp\cclsPPfA.ltrans9.ltrans.o
LOAD C:\cygwin64\tmp\cclsPPfA.ltrans10.ltrans.o
LOAD C:\cygwin64\tmp\cclsPPfA.ltrans11.ltrans.o
LOAD C:\cygwin64\tmp\cclsPPfA.ltrans12.ltrans.o
LOAD c:/users/chalpathi/desktop/arm/bin/../lib/gcc/arm-none-eabi/4.8.4/armv7-m\libgcc.a
LOAD c:/users/chalpathi/desktop/arm/bin/../lib/gcc/arm-none-eabi/4.8.4/../../../../arm-none-eabi/lib/armv7-m\libg_s.a
LOAD c:/users/chalpathi/desktop/arm/bin/../lib/gcc/arm-none-eabi/4.8.4/../../../../arm-none-eabi/lib/armv7-m\libc_s.a
LOAD c:/users/chalpathi/desktop/arm/bin/../lib/gcc/arm-none-eabi/4.8.4/armv7-m\libgcc.a
LOAD c:/users/chalpathi/desktop/arm/bin/../lib/gcc/arm-none-eabi/4.8.4/../../../../arm-none-eabi/lib/armv7-m\libc_s.a
LOAD obj/main/CJMCU/drivers/adc_stm32f10x.o
LOAD obj/main/CJMCU/drivers/accgyro_mpu.o
LOAD obj/main/CJMCU/drivers/accgyro_mpu6050.o
LOAD obj/main/CJMCU/drivers/bus_i2c_stm32f10x.o
LOAD obj/main/CJMCU/drivers/compass_hmc5883l.o
LOAD obj/main/CJMCU/drivers/gpio_stm32f10x.o
LOAD obj/main/CJMCU/drivers/light_led_stm32f10x.o
LOAD obj/main/CJMCU/drivers/pwm_mapping.o
LOAD obj/main/CJMCU/drivers/pwm_output.o
LOAD obj/main/CJMCU/drivers/pwm_rx.o
LOAD obj/main/CJMCU/drivers/serial_uart.o
LOAD obj/main/CJMCU/drivers/serial_uart_stm32f10x.o
LOAD obj/main/CJMCU/drivers/sound_beeper_stm32f10x.o
LOAD obj/main/CJMCU/drivers/system_stm32f10x.o
LOAD obj/main/CJMCU/drivers/timer.o
LOAD obj/main/CJMCU/drivers/timer_stm32f10x.o
LOAD obj/main/CJMCU/hardware_revision.o
LOAD obj/main/CJMCU/drivers/barometer_ms5611.o
LOAD obj/main/CJMCU/sensors/barometer.o
LOAD obj/main/CJMCU/build_config.o
LOAD obj/main/CJMCU/debug.o
LOAD obj/main/CJMCU/version.o
LOAD obj/main/CJMCU/config/config.o
LOAD obj/main/CJMCU/config/runtime_config.o
LOAD obj/main/CJMCU/common/maths.o
LOAD obj/main/CJMCU/common/printf.o
LOAD obj/main/CJMCU/common/typeconversion.o
LOAD obj/main/CJMCU/common/encoding.o
LOAD obj/main/CJMCU/main.o
LOAD obj/main/CJMCU/mw.o
LOAD obj/main/CJMCU/flight/altitudehold.o
LOAD obj/main/CJMCU/flight/failsafe.o
LOAD obj/main/CJMCU/flight/pid.o
LOAD obj/main/CJMCU/flight/imu.o
LOAD obj/main/CJMCU/flight/mixer.o
LOAD obj/main/CJMCU/flight/lowpass.o
LOAD obj/main/CJMCU/flight/filter.o
LOAD obj/main/CJMCU/drivers/bus_i2c_soft.o
LOAD obj/main/CJMCU/drivers/serial.o
LOAD obj/main/CJMCU/drivers/sound_beeper.o
LOAD obj/main/CJMCU/drivers/system.o
LOAD obj/main/CJMCU/io/beeper.o
LOAD obj/main/CJMCU/io/rc_controls.o
LOAD obj/main/CJMCU/io/rc_curves.o
LOAD obj/main/CJMCU/io/serial.o
LOAD obj/main/CJMCU/io/serial_1wire.o
LOAD obj/main/CJMCU/io/serial_cli.o
LOAD obj/main/CJMCU/io/serial_msp.o
LOAD obj/main/CJMCU/io/statusindicator.o
LOAD obj/main/CJMCU/rx/rx.o
LOAD obj/main/CJMCU/rx/pwm.o
LOAD obj/main/CJMCU/rx/msp.o
LOAD obj/main/CJMCU/rx/sbus.o
LOAD obj/main/CJMCU/rx/sumd.o
LOAD obj/main/CJMCU/rx/sumh.o
LOAD obj/main/CJMCU/rx/spektrum.o
LOAD obj/main/CJMCU/rx/xbus.o
LOAD obj/main/CJMCU/sensors/acceleration.o
LOAD obj/main/CJMCU/sensors/battery.o
LOAD obj/main/CJMCU/sensors/boardalignment.o
LOAD obj/main/CJMCU/sensors/compass.o
LOAD obj/main/CJMCU/sensors/gyro.o
LOAD obj/main/CJMCU/sensors/initialisation.o
LOAD obj/main/CJMCU/core_cm3.o
LOAD obj/main/CJMCU/system_stm32f10x.o
LOAD obj/main/CJMCU/stm32f10x_gpio.o
LOAD obj/main/CJMCU/stm32f10x_fsmc.o
LOAD obj/main/CJMCU/stm32f10x_exti.o
LOAD obj/main/CJMCU/stm32f10x_bkp.o
LOAD obj/main/CJMCU/stm32f10x_spi.o
LOAD obj/main/CJMCU/stm32f10x_adc.o
LOAD obj/main/CJMCU/stm32f10x_iwdg.o
LOAD obj/main/CJMCU/misc.o
LOAD obj/main/CJMCU/stm32f10x_wwdg.o
LOAD obj/main/CJMCU/stm32f10x_tim.o
LOAD obj/main/CJMCU/stm32f10x_usart.o
LOAD obj/main/CJMCU/stm32f10x_flash.o
LOAD obj/main/CJMCU/stm32f10x_rcc.o
LOAD obj/main/CJMCU/stm32f10x_sdio.o
LOAD obj/main/CJMCU/stm32f10x_i2c.o
LOAD obj/main/CJMCU/stm32f10x_pwr.o
LOAD obj/main/CJMCU/stm32f10x_rtc.o
LOAD obj/main/CJMCU/stm32f10x_dac.o
LOAD obj/main/CJMCU/stm32f10x_dbgmcu.o
LOAD obj/main/CJMCU/stm32f10x_dma.o
LOAD c:/users/chalpathi/desktop/arm/bin/../lib/gcc/arm-none-eabi/4.8.4/../../../../arm-none-eabi/lib/armv7-m\libm.a
LOAD c:/users/chalpathi/desktop/arm/bin/../lib/gcc/arm-none-eabi/4.8.4/../../../../arm-none-eabi/lib/armv7-m\libc_s.a
LOAD c:/users/chalpathi/desktop/arm/bin/../lib/gcc/arm-none-eabi/4.8.4/../../../../arm-none-eabi/lib/armv7-m\libnosys.a
START GROUP
LOAD c:/users/chalpathi/desktop/arm/bin/../lib/gcc/arm-none-eabi/4.8.4/armv7-m\libgcc.a
LOAD c:/users/chalpathi/desktop/arm/bin/../lib/gcc/arm-none-eabi/4.8.4/../../../../arm-none-eabi/lib/armv7-m\libg_s.a
LOAD c:/users/chalpathi/desktop/arm/bin/../lib/gcc/arm-none-eabi/4.8.4/../../../../arm-none-eabi/lib/armv7-m\libc_s.a
END GROUP
START GROUP
LOAD c:/users/chalpathi/desktop/arm/bin/../lib/gcc/arm-none-eabi/4.8.4/armv7-m\libgcc.a
LOAD c:/users/chalpathi/desktop/arm/bin/../lib/gcc/arm-none-eabi/4.8.4/../../../../arm-none-eabi/lib/armv7-m\libc_s.a
END GROUP
                0x20005000                _estack = (ORIGIN (RAM) + 0x5000)
                0x00000000                _Min_Heap_Size = 0x0
                0x00000400                _Min_Stack_Size = 0x400

.isr_vector     0x08000000      0x10c
                0x08000000                . = ALIGN (0x4)
                0x08000000                PROVIDE (isr_vector_table_base, .)
 *(.isr_vector)
 .isr_vector    0x08000000      0x10c obj/main/CJMCU/startup_stm32f10x_md_gcc.o
                0x08000000                g_pfnVectors
                0x0800010c                . = ALIGN (0x4)

.text           0x08000110     0xdb1c
                0x08000110                . = ALIGN (0x4)
 *(.text)
 .text          0x08000110     0x1524 C:\cygwin64\tmp\cclsPPfA.ltrans1.ltrans.o
                0x08000110                init
 .text          0x08001634     0x199c C:\cygwin64\tmp\cclsPPfA.ltrans2.ltrans.o
                0x08001634                annexCode
 .text          0x08002fd0     0x10b4 C:\cygwin64\tmp\cclsPPfA.ltrans3.ltrans.o
                0x08002fd0                processRx
 .text          0x08004084     0x1434 C:\cygwin64\tmp\cclsPPfA.ltrans4.ltrans.o
                0x08004148                xBusReadRawRC.10657
                0x08004160                spektrumReadRawRC.10512
                0x08004188                sumhReadRawRC.10396
                0x0800419c                sumdReadRawRC.10288
                0x080041ac                sbusReadRawRC.10156
                0x080041d8                rxMspReadRawRC.10093
                0x080041e4                pwmReadRawRC.10070
                0x080041f0                ppmReadRawRC.10058
                0x080041fc                nullReadRawRC.9845
                0x08004200                ms5611_calculate.5895
                0x080043a8                uartRead
                0x080043d8                uartTotalRxBytesWaiting
                0x080043fa                isUartTransmitBufferEmpty
                0x08004410                uartTotalTxBytesFree
                0x08004438                ppmEdgeCallback.5035
                0x08004514                pwmOverflowCallback.5023
                0x0800453c                ppmOverflowCallback.5031
                0x0800454c                pwmWriteStandard.4766
                0x0800455c                pwmWriteBrushed.4762
                0x08004580                mpuGyroRead
                0x080045c8                mpuAccRead
                0x08004610                DMA_Init
                0x0800464c                DMA_DeInit
                0x0800473c                RCC_GetClocksFreq
                0x080047d0                FLASH_WaitForLastOperation
                0x080047f2                pwmICConfig
                0x080049ec                pwmEdgeCallback.5027
                0x08004a44                alignSensors
                0x08004b8c                batteryAdcToVoltage
                0x08004bb8                beeperSilence
                0x08004be4                beeper
                0x08004c28                mwDisarm
                0x08004c40                beeperConfirmationBeeps
                0x08004c78                enableFlightMode
                0x08004c98                disableFlightMode
                0x08004cb8                serialize8.9582
                0x08004cdc                headSerialResponse.9594
                0x08004d18                headSerialReply.9598
                0x08004d1e                serialize16.9588
                0x08004d30                serialize32.9591
                0x08004d42                read8.9557
                0x08004d58                read16.9559
                0x08004d6c                findNextSerialPortConfig
                0x08004dac                findSerialPortConfig
                0x08004dbc                generateThrottleCurve
                0x08004e44                generatePitchRollCurve
                0x08004e78                activateControlRateConfig
                0x08004ebc                micros
                0x08004ef4                xBusDataReceive.10650
                0x08004fc0                spektrumDataReceive.10506
                0x0800500c                sumhDataReceive.10393
                0x08005058                sumdDataReceive.10282
                0x08005108                sbusDataReceive.10153
                0x0800515c                delayMicroseconds
                0x08005172                delay
                0x08005186                extiHandler.8577
                0x080051a0                filterApplyPt1
                0x0800520c                pidSetController
                0x08005254                pidResetErrorAngle
                0x08005270                applyDeadband
                0x0800528e                sin_approx
                0x08005374                featureClear
                0x08005384                timCCxHandler.5581
                0x0800540a                lookupTimerIndex.5571
                0x08005444                gpioInit
 .text          0x080054b8      0x9b0 C:\cygwin64\tmp\cclsPPfA.ltrans5.ltrans.o
                0x080054b8                timerChConfigCallbacks
                0x08005560                i2c_ev_handler.4335
                0x0800580c                updateBatteryVoltage.10886
                0x08005a28                uartStartTxDMA
                0x08005a5a                NVIC_Init.part.0.12318.constprop.92
                0x08005a98                configTimeBase
                0x08005b40                pwmOutConfig.4833
                0x08005ddc                resetSerialConfig.constprop.58
                0x08005e10                isModeActivationConditionPresent.constprop.51
                0x08005e2e                suspendRxSignal
                0x08005e60                headSerialError.9601.constprop.10
 .text          0x08005e68      0xe7c C:\cygwin64\tmp\cclsPPfA.ltrans6.ltrans.o
                0x08005e68                pidMultiWiiHybrid.8010
                0x08006174                pidMultiWii23.8017
                0x0800642c                pidHarakiri.8024
                0x08006a1c                isRangeActive.part.0.8817
                0x08006a64                failsafeActivate.7819
                0x08006aa0                resumeRxSignal
                0x08006ad0                mwArm
                0x08006b3c                uartReconfigure.5191
                0x08006c3c                uartSetMode
                0x08006c40                uartSetBaudRate
                0x08006c44                writeMotors
 .text          0x08006ce4      0xe34 C:\cygwin64\tmp\cclsPPfA.ltrans7.ltrans.o
                0x08006ce4                _putc.6614
                0x08006cf8                pidLuxFloat.8031
                0x08007044                pidRewrite.8038
                0x08007298                readEEPROM
                0x080075c0                saveConfigAndNotify
                0x080075d4                resetConf.6385
                0x080079d0                usartIrqCallback
                0x08007a36                imuCalculateHeading
 .text          0x08007b18      0x8c0 C:\cygwin64\tmp\cclsPPfA.ltrans8.ltrans.o
                0x08007b18                uartWrite
                0x08007b94                mpu6050AccInit.4260
                0x08007bc0                mpu6050GyroInit.4262
                0x08007c50                pidMultiWii.7938
                0x08007edc                timerConfigure.constprop.72
                0x08007f34                buildRotationMatrix
                0x08008034                rotateV
                0x080080da                isEEPROMContentValid.6321
                0x08008120                failureMode
                0x080081b0                writeEEPROM
                0x080082f8                stopMotors
                0x08008344                getRxfailValue.9877
                0x0800839c                calculateThrottleStatus
 .text          0x080083d8      0x54c C:\cygwin64\tmp\cclsPPfA.ltrans9.ltrans.o
                0x08008670                ms5611_start_up.5908
                0x0800867a                ms5611_start_ut.5910
                0x08008684                mpuWriteRegisterI2C.4176
                0x08008690                hmc5883lInit
                0x08008830                openSerialPort
                0x0800888c                spektrumInit.constprop.32
 .text          0x08008924      0x464 C:\cygwin64\tmp\cclsPPfA.ltrans10.ltrans.o
                0x08008924                i2cInit
                0x08008b30                i2cWrite
                0x08008bb0                i2cRead
                0x08008c54                ms5611_get_ut.5903
                0x08008c64                ms5611_get_up.5901
                0x08008c74                hmc5883lRead
                0x08008cec                mpuReadRegisterI2C.4180
                0x08008d00                i2c_er_handler.4346
 .text          0x08008d88       0xb4 C:\cygwin64\tmp\cclsPPfA.ltrans11.ltrans.o
                0x08008d88                TIM4_IRQHandler
                0x08008d98                TIM3_IRQHandler
                0x08008da8                TIM2_IRQHandler
                0x08008db8                TIM1_UP_IRQHandler
                0x08008dc8                TIM1_CC_IRQHandler
                0x08008dd8                USART2_IRQHandler
                0x08008de4                USART1_IRQHandler
                0x08008df0                DMA1_Channel4_IRQHandler
                0x08008e2c                I2C2_ER_IRQHandler
                0x08008e30                I2C1_ER_IRQHandler
                0x08008e34                I2C2_EV_IRQHandler
                0x08008e38                I2C1_EV_IRQHandler
 .text          0x08008e3c       0x84 C:\cygwin64\tmp\cclsPPfA.ltrans12.ltrans.o
                0x08008e3c                SystemInit
                0x08008e88                SysTick_Handler
                0x08008e98                EXTI3_IRQHandler
                0x08008e9e                EXTI15_10_IRQHandler
                0x08008ea4                HardFault_Handler
 .text          0x08008ec0       0x1c c:/users/chalpathi/desktop/arm/bin/../lib/gcc/arm-none-eabi/4.8.4/armv7-m\libgcc.a(_ashrdi3.o)
                0x08008ec0                __aeabi_lasr
                0x08008ec0                __ashrdi3
 .text          0x08008edc      0x21c c:/users/chalpathi/desktop/arm/bin/../lib/gcc/arm-none-eabi/4.8.4/armv7-m\libgcc.a(_arm_addsubsf3.o)
                0x08008edc                __aeabi_frsub
                0x08008ee4                __subsf3
                0x08008ee4                __aeabi_fsub
                0x08008ee8                __aeabi_fadd
                0x08008ee8                __addsf3
                0x08009048                __aeabi_ui2f
                0x08009048                __floatunsisf
                0x08009050                __aeabi_i2f
                0x08009050                __floatsisf
                0x0800906c                __aeabi_ul2f
                0x0800906c                __floatundisf
                0x0800907c                __aeabi_l2f
                0x0800907c                __floatdisf
 .text          0x080090f8      0x2a0 c:/users/chalpathi/desktop/arm/bin/../lib/gcc/arm-none-eabi/4.8.4/armv7-m\libgcc.a(_arm_muldivsf3.o)
                0x080090f8                __mulsf3
                0x080090f8                __aeabi_fmul
                0x08009260                __aeabi_fdiv
                0x08009260                __divsf3
 .text          0x08009398       0xec c:/users/chalpathi/desktop/arm/bin/../lib/gcc/arm-none-eabi/4.8.4/armv7-m\libgcc.a(_arm_cmpsf2.o)
                0x08009398                __gesf2
                0x08009398                __gtsf2
                0x080093a0                __lesf2
                0x080093a0                __ltsf2
                0x080093a8                __nesf2
                0x080093a8                __eqsf2
                0x080093a8                __cmpsf2
                0x08009408                __aeabi_cfrcmple
                0x08009410                __aeabi_cfcmpeq
                0x08009410                __aeabi_cfcmple
                0x08009420                __aeabi_fcmpeq
                0x08009434                __aeabi_fcmplt
                0x08009448                __aeabi_fcmple
                0x0800945c                __aeabi_fcmpge
                0x08009470                __aeabi_fcmpgt
 .text          0x08009484       0x4c c:/users/chalpathi/desktop/arm/bin/../lib/gcc/arm-none-eabi/4.8.4/armv7-m\libgcc.a(_arm_fixsfsi.o)
                0x08009484                __aeabi_f2iz
                0x08009484                __fixsfsi
 .text          0x080094d0       0x40 c:/users/chalpathi/desktop/arm/bin/../lib/gcc/arm-none-eabi/4.8.4/armv7-m\libgcc.a(_arm_fixunssfsi.o)
                0x080094d0                __fixunssfsi
                0x080094d0                __aeabi_f2uiz
 .text          0x08009510       0x38 c:/users/chalpathi/desktop/arm/bin/../lib/gcc/arm-none-eabi/4.8.4/armv7-m\libgcc.a(_aeabi_ldivmod.o)
                0x08009510                __aeabi_ldivmod
 .text          0x08009548       0x28 c:/users/chalpathi/desktop/arm/bin/../lib/gcc/arm-none-eabi/4.8.4/armv7-m\libgcc.a(_fixsfdi.o)
                0x08009548                __fixsfdi
                0x08009548                __aeabi_f2lz
 .text          0x08009570       0x48 c:/users/chalpathi/desktop/arm/bin/../lib/gcc/arm-none-eabi/4.8.4/armv7-m\libgcc.a(_fixunssfdi.o)
                0x08009570                __fixunssfdi
                0x08009570                __aeabi_f2ulz
 .text          0x080095b8       0x60 c:/users/chalpathi/desktop/arm/bin/../lib/gcc/arm-none-eabi/4.8.4/armv7-m\libgcc.a(bpabi.o)
                0x080095b8                __gnu_ldivmod_helper
                0x080095e8                __gnu_uldivmod_helper
 .text          0x08009618        0x4 c:/users/chalpathi/desktop/arm/bin/../lib/gcc/arm-none-eabi/4.8.4/armv7-m\libgcc.a(_dvmd_tls.o)
                0x08009618                __aeabi_idiv0
                0x08009618                __aeabi_ldiv0
 .text          0x0800961c      0x370 c:/users/chalpathi/desktop/arm/bin/../lib/gcc/arm-none-eabi/4.8.4/armv7-m\libgcc.a(_arm_addsubdf3.o)
                0x0800961c                __aeabi_drsub
                0x08009624                __aeabi_dsub
                0x08009624                __subdf3
                0x08009628                __aeabi_dadd
                0x08009628                __adddf3
                0x080098a0                __floatunsidf
                0x080098a0                __aeabi_ui2d
                0x080098c0                __floatsidf
                0x080098c0                __aeabi_i2d
                0x080098e4                __aeabi_f2d
                0x080098e4                __extendsfdf2
                0x08009920                __floatundidf
                0x08009920                __aeabi_ul2d
                0x08009930                __floatdidf
                0x08009930                __aeabi_l2d
 .text          0x0800998c      0x424 c:/users/chalpathi/desktop/arm/bin/../lib/gcc/arm-none-eabi/4.8.4/armv7-m\libgcc.a(_arm_muldivdf3.o)
                0x0800998c                __aeabi_dmul
                0x0800998c                __muldf3
                0x08009be0                __divdf3
                0x08009be0                __aeabi_ddiv
 .text          0x08009db0       0x40 c:/users/chalpathi/desktop/arm/bin/../lib/gcc/arm-none-eabi/4.8.4/armv7-m\libgcc.a(_arm_fixunsdfsi.o)
                0x08009db0                __aeabi_d2uiz
                0x08009db0                __fixunsdfsi
 .text          0x08009df0      0x2a0 c:/users/chalpathi/desktop/arm/bin/../lib/gcc/arm-none-eabi/4.8.4/armv7-m\libgcc.a(_divdi3.o)
                0x08009df0                __divdi3
 .text          0x0800a090      0x290 c:/users/chalpathi/desktop/arm/bin/../lib/gcc/arm-none-eabi/4.8.4/armv7-m\libgcc.a(_udivdi3.o)
                0x0800a090                __udivdi3
 .text          0x0800a320      0x110 c:/users/chalpathi/desktop/arm/bin/../lib/gcc/arm-none-eabi/4.8.4/armv7-m\libgcc.a(_arm_cmpdf2.o)
                0x0800a320                __gtdf2
                0x0800a320                __gedf2
                0x0800a328                __ltdf2
                0x0800a328                __ledf2
                0x0800a330                __nedf2
                0x0800a330                __eqdf2
                0x0800a330                __cmpdf2
                0x0800a3ac                __aeabi_cdrcmple
                0x0800a3bc                __aeabi_cdcmpeq
                0x0800a3bc                __aeabi_cdcmple
                0x0800a3cc                __aeabi_dcmpeq
                0x0800a3e0                __aeabi_dcmplt
                0x0800a3f4                __aeabi_dcmple
                0x0800a408                __aeabi_dcmpge
                0x0800a41c                __aeabi_dcmpgt
 .text          0x0800a430       0xa0 c:/users/chalpathi/desktop/arm/bin/../lib/gcc/arm-none-eabi/4.8.4/armv7-m\libgcc.a(_arm_truncdfsf2.o)
                0x0800a430                __truncdfsf2
                0x0800a430                __aeabi_d2f
 *(.text*)
 .text.Reset_Handler
                0x0800a4d0       0xac obj/main/CJMCU/startup_stm32f10x_md_gcc.o
                0x0800a4d0                Reset_Handler
 .text.Default_Handler
                0x0800a57c        0x4 obj/main/CJMCU/startup_stm32f10x_md_gcc.o
                0x0800a57c                EXTI2_IRQHandler
                0x0800a57c                DebugMon_Handler
                0x0800a57c                PVD_IRQHandler
                0x0800a57c                PendSV_Handler
                0x0800a57c                NMI_Handler
                0x0800a57c                EXTI0_IRQHandler
                0x0800a57c                UsageFault_Handler
                0x0800a57c                ADC1_2_IRQHandler
                0x0800a57c                SPI1_IRQHandler
                0x0800a57c                TAMPER_IRQHandler
                0x0800a57c                USART3_IRQHandler
                0x0800a57c                RTC_IRQHandler
                0x0800a57c                DMA1_Channel7_IRQHandler
                0x0800a57c                CAN1_RX1_IRQHandler
                0x0800a57c                DMA1_Channel6_IRQHandler
                0x0800a57c                RCC_IRQHandler
                0x0800a57c                TIM1_TRG_COM_IRQHandler
                0x0800a57c                DMA1_Channel1_IRQHandler
                0x0800a57c                Default_Handler
                0x0800a57c                EXTI9_5_IRQHandler
                0x0800a57c                SPI2_IRQHandler
                0x0800a57c                MemManage_Handler
                0x0800a57c                SVC_Handler
                0x0800a57c                DMA1_Channel5_IRQHandler
                0x0800a57c                EXTI4_IRQHandler
                0x0800a57c                USB_LP_CAN1_RX0_IRQHandler
                0x0800a57c                USB_HP_CAN1_TX_IRQHandler
                0x0800a57c                DMA1_Channel3_IRQHandler
                0x0800a57c                WWDG_IRQHandler
                0x0800a57c                TIM1_BRK_IRQHandler
                0x0800a57c                EXTI1_IRQHandler
                0x0800a57c                RTCAlarm_IRQHandler
                0x0800a57c                DMA1_Channel2_IRQHandler
                0x0800a57c                CAN1_SCE_IRQHandler
                0x0800a57c                FLASH_IRQHandler
                0x0800a57c                BusFault_Handler
                0x0800a57c                USBWakeUp_IRQHandler
 .text.startup  0x0800a580     0x1b70 C:\cygwin64\tmp\cclsPPfA.ltrans0.ltrans.o
                0x0800a580                main
 .text.memcpy   0x0800c0f0       0x12 c:/users/chalpathi/desktop/arm/bin/../lib/gcc/arm-none-eabi/4.8.4/../../../../arm-none-eabi/lib/armv7-m\libg_s.a(lib_a-memcpy-stub.o)
                0x0800c0f0                memcpy
 .text.memset   0x0800c102       0x10 c:/users/chalpathi/desktop/arm/bin/../lib/gcc/arm-none-eabi/4.8.4/../../../../arm-none-eabi/lib/armv7-m\libg_s.a(lib_a-memset.o)
                0x0800c102                memset
 .text.strchr   0x0800c112       0x1a c:/users/chalpathi/desktop/arm/bin/../lib/gcc/arm-none-eabi/4.8.4/../../../../arm-none-eabi/lib/armv7-m\libg_s.a(lib_a-strchr.o)
                0x0800c112                strchr
 .text.strlen   0x0800c12c       0x10 c:/users/chalpathi/desktop/arm/bin/../lib/gcc/arm-none-eabi/4.8.4/../../../../arm-none-eabi/lib/armv7-m\libg_s.a(lib_a-strlen.o)
                0x0800c12c                strlen
 .text.lrintf   0x0800c13c       0x7c c:/users/chalpathi/desktop/arm/bin/../lib/gcc/arm-none-eabi/4.8.4/../../../../arm-none-eabi/lib/armv7-m\libm.a(lib_a-sf_lrint.o)
                0x0800c13c                lrintf
 .text.acosf    0x0800c1b8       0xa0 c:/users/chalpathi/desktop/arm/bin/../lib/gcc/arm-none-eabi/4.8.4/../../../../arm-none-eabi/lib/armv7-m\libm.a(lib_a-wf_acos.o)
                0x0800c1b8                acosf
 .text.atan2f   0x0800c258        0x4 c:/users/chalpathi/desktop/arm/bin/../lib/gcc/arm-none-eabi/4.8.4/../../../../arm-none-eabi/lib/armv7-m\libm.a(lib_a-wf_atan2.o)
                0x0800c258                atan2f
 .text.powf     0x0800c25c      0x310 c:/users/chalpathi/desktop/arm/bin/../lib/gcc/arm-none-eabi/4.8.4/../../../../arm-none-eabi/lib/armv7-m\libm.a(lib_a-wf_pow.o)
                0x0800c25c                powf
 .text.sqrtf    0x0800c56c       0x9c c:/users/chalpathi/desktop/arm/bin/../lib/gcc/arm-none-eabi/4.8.4/../../../../arm-none-eabi/lib/armv7-m\libm.a(lib_a-wf_sqrt.o)
                0x0800c56c                sqrtf
 .text.__ieee754_acosf
                0x0800c608      0x2d0 c:/users/chalpathi/desktop/arm/bin/../lib/gcc/arm-none-eabi/4.8.4/../../../../arm-none-eabi/lib/armv7-m\libm.a(lib_a-ef_acos.o)
                0x0800c608                __ieee754_acosf
 .text.__ieee754_atan2f
                0x0800c8d8      0x120 c:/users/chalpathi/desktop/arm/bin/../lib/gcc/arm-none-eabi/4.8.4/../../../../arm-none-eabi/lib/armv7-m\libm.a(lib_a-ef_atan2.o)
                0x0800c8d8                __ieee754_atan2f
 .text.__ieee754_powf
                0x0800c9f8      0x6f8 c:/users/chalpathi/desktop/arm/bin/../lib/gcc/arm-none-eabi/4.8.4/../../../../arm-none-eabi/lib/armv7-m\libm.a(lib_a-ef_pow.o)
                0x0800c9f8                __ieee754_powf
 .text.__ieee754_sqrtf
                0x0800d0f0       0xa8 c:/users/chalpathi/desktop/arm/bin/../lib/gcc/arm-none-eabi/4.8.4/../../../../arm-none-eabi/lib/armv7-m\libm.a(lib_a-ef_sqrt.o)
                0x0800d0f0                __ieee754_sqrtf
 .text.matherr  0x0800d198        0x4 c:/users/chalpathi/desktop/arm/bin/../lib/gcc/arm-none-eabi/4.8.4/../../../../arm-none-eabi/lib/armv7-m\libm.a(lib_a-s_matherr.o)
                0x0800d198                matherr
 .text.nan      0x0800d19c        0xc c:/users/chalpathi/desktop/arm/bin/../lib/gcc/arm-none-eabi/4.8.4/../../../../arm-none-eabi/lib/armv7-m\libm.a(lib_a-s_nan.o)
                0x0800d19c                nan
 .text.rint     0x0800d1a8      0x118 c:/users/chalpathi/desktop/arm/bin/../lib/gcc/arm-none-eabi/4.8.4/../../../../arm-none-eabi/lib/armv7-m\libm.a(lib_a-s_rint.o)
                0x0800d1a8                rint
 .text.atanf    0x0800d2c0      0x22c c:/users/chalpathi/desktop/arm/bin/../lib/gcc/arm-none-eabi/4.8.4/../../../../arm-none-eabi/lib/armv7-m\libm.a(lib_a-sf_atan.o)
                0x0800d2c0                atanf
 .text.fabsf    0x0800d4ec        0x8 c:/users/chalpathi/desktop/arm/bin/../lib/gcc/arm-none-eabi/4.8.4/../../../../arm-none-eabi/lib/armv7-m\libm.a(lib_a-sf_fabs.o)
                0x0800d4ec                fabsf
 .text.finitef  0x0800d4f4       0x10 c:/users/chalpathi/desktop/arm/bin/../lib/gcc/arm-none-eabi/4.8.4/../../../../arm-none-eabi/lib/armv7-m\libm.a(lib_a-sf_finite.o)
                0x0800d4f4                finitef
 .text.__fpclassifyf
                0x0800d504       0x34 c:/users/chalpathi/desktop/arm/bin/../lib/gcc/arm-none-eabi/4.8.4/../../../../arm-none-eabi/lib/armv7-m\libm.a(lib_a-sf_fpclassify.o)
                0x0800d504                __fpclassifyf
 .text.nanf     0x0800d538        0x8 c:/users/chalpathi/desktop/arm/bin/../lib/gcc/arm-none-eabi/4.8.4/../../../../arm-none-eabi/lib/armv7-m\libm.a(lib_a-sf_nan.o)
                0x0800d538                nanf
 .text.scalbnf  0x0800d540       0xb4 c:/users/chalpathi/desktop/arm/bin/../lib/gcc/arm-none-eabi/4.8.4/../../../../arm-none-eabi/lib/armv7-m\libm.a(lib_a-sf_scalbn.o)
                0x0800d540                scalbnf
 .text.copysignf
                0x0800d5f4        0xc c:/users/chalpathi/desktop/arm/bin/../lib/gcc/arm-none-eabi/4.8.4/../../../../arm-none-eabi/lib/armv7-m\libm.a(lib_a-sf_copysign.o)
                0x0800d5f4                copysignf
 .text.__errno  0x0800d600        0xc c:/users/chalpathi/desktop/arm/bin/../lib/gcc/arm-none-eabi/4.8.4/../../../../arm-none-eabi/lib/armv7-m\libc_s.a(lib_a-errno.o)
                0x0800d600                __errno
 *(.rodata)
 .rodata        0x0800d60c       0xc4 C:\cygwin64\tmp\cclsPPfA.ltrans1.ltrans.o
 .rodata        0x0800d6d0      0x180 C:\cygwin64\tmp\cclsPPfA.ltrans2.ltrans.o
 .rodata        0x0800d850       0x3c C:\cygwin64\tmp\cclsPPfA.ltrans3.ltrans.o
 .rodata        0x0800d88c       0xf0 C:\cygwin64\tmp\cclsPPfA.ltrans4.ltrans.o
 .rodata        0x0800d97c       0x1c C:\cygwin64\tmp\cclsPPfA.ltrans9.ltrans.o
 .rodata        0x0800d998       0x28 C:\cygwin64\tmp\cclsPPfA.ltrans10.ltrans.o
 *(.rodata*)
 .rodata.timerHardware
                0x0800d9c0       0xe0 C:\cygwin64\tmp\cclsPPfA.ltrans1.ltrans.o
 .rodata.str1.1
                0x0800daa0       0xff C:\cygwin64\tmp\cclsPPfA.ltrans2.ltrans.o
 .rodata.str1.1
                0x0800db9f        0x9 C:\cygwin64\tmp\cclsPPfA.ltrans7.ltrans.o
 .rodata.rcChannelLetters
                0x0800dba8       0x15 C:\cygwin64\tmp\cclsPPfA.ltrans7.ltrans.o
 *fill*         0x0800dbbd        0x3 
 .rodata.TWO23  0x0800dbc0        0x8 c:/users/chalpathi/desktop/arm/bin/../lib/gcc/arm-none-eabi/4.8.4/../../../../arm-none-eabi/lib/armv7-m\libm.a(lib_a-sf_lrint.o)
 .rodata.str1.4
                0x0800dbc8        0x6 c:/users/chalpathi/desktop/arm/bin/../lib/gcc/arm-none-eabi/4.8.4/../../../../arm-none-eabi/lib/armv7-m\libm.a(lib_a-wf_acos.o)
                                  0xc (size before relaxing)
 *fill*         0x0800dbce        0x2 
 .rodata.str1.4
                0x0800dbd0        0x5 c:/users/chalpathi/desktop/arm/bin/../lib/gcc/arm-none-eabi/4.8.4/../../../../arm-none-eabi/lib/armv7-m\libm.a(lib_a-wf_pow.o)
                                  0x8 (size before relaxing)
 *fill*         0x0800dbd5        0x3 
 .rodata.str1.4
                0x0800dbd8        0x8 c:/users/chalpathi/desktop/arm/bin/../lib/gcc/arm-none-eabi/4.8.4/../../../../arm-none-eabi/lib/armv7-m\libm.a(lib_a-wf_sqrt.o)
 .rodata.dp_h   0x0800dbe0        0x8 c:/users/chalpathi/desktop/arm/bin/../lib/gcc/arm-none-eabi/4.8.4/../../../../arm-none-eabi/lib/armv7-m\libm.a(lib_a-ef_pow.o)
 .rodata.dp_l   0x0800dbe8        0x8 c:/users/chalpathi/desktop/arm/bin/../lib/gcc/arm-none-eabi/4.8.4/../../../../arm-none-eabi/lib/armv7-m\libm.a(lib_a-ef_pow.o)
 .rodata.bp     0x0800dbf0        0x8 c:/users/chalpathi/desktop/arm/bin/../lib/gcc/arm-none-eabi/4.8.4/../../../../arm-none-eabi/lib/armv7-m\libm.a(lib_a-ef_pow.o)
 .rodata.str1.4
                0x00000000        0x4 c:/users/chalpathi/desktop/arm/bin/../lib/gcc/arm-none-eabi/4.8.4/../../../../arm-none-eabi/lib/armv7-m\libm.a(lib_a-ef_pow.o)
 .rodata.TWO52  0x0800dbf8       0x10 c:/users/chalpathi/desktop/arm/bin/../lib/gcc/arm-none-eabi/4.8.4/../../../../arm-none-eabi/lib/armv7-m\libm.a(lib_a-s_rint.o)
 .rodata.atanlo
                0x0800dc08       0x10 c:/users/chalpathi/desktop/arm/bin/../lib/gcc/arm-none-eabi/4.8.4/../../../../arm-none-eabi/lib/armv7-m\libm.a(lib_a-sf_atan.o)
 .rodata.atanhi
                0x0800dc18       0x10 c:/users/chalpathi/desktop/arm/bin/../lib/gcc/arm-none-eabi/4.8.4/../../../../arm-none-eabi/lib/armv7-m\libm.a(lib_a-sf_atan.o)
 .rodata.str1.1
                0x0800dc28        0x2 c:/users/chalpathi/desktop/arm/bin/../lib/gcc/arm-none-eabi/4.8.4/../../../../arm-none-eabi/lib/armv7-m\libc_s.a(lib_a-impure.o)
 *(.glue_7)
 .glue_7        0x00000000        0x0 linker stubs
 *(.glue_7t)
 .glue_7t       0x00000000        0x0 linker stubs
 *(.eh_frame)
 *(.init)
 *(.fini)
                0x0800dc2c                . = ALIGN (0x4)
 *fill*         0x0800dc2a        0x2 
                0x0800dc2c                _etext = .

.vfp11_veneer   0x0800dc2c        0x0
 .vfp11_veneer  0x00000000        0x0 linker stubs

.v4_bx          0x0800dc2c        0x0
 .v4_bx         0x00000000        0x0 linker stubs

.iplt           0x0800dc2c        0x0
 .iplt          0x00000000        0x0 obj/main/CJMCU/startup_stm32f10x_md_gcc.o

.ARM.extab
 *(.ARM.extab* .gnu.linkonce.armextab.*)

.ARM            0x0800dc2c        0x8
                0x0800dc2c                __exidx_start = .
 *(.ARM.exidx*)
 .ARM.exidx     0x0800dc2c        0x8 c:/users/chalpathi/desktop/arm/bin/../lib/gcc/arm-none-eabi/4.8.4/armv7-m\libgcc.a(_divdi3.o)
 .ARM.exidx     0x0800dc34        0x0 c:/users/chalpathi/desktop/arm/bin/../lib/gcc/arm-none-eabi/4.8.4/armv7-m\libgcc.a(_udivdi3.o)
                                  0x8 (size before relaxing)
                0x0800dc34                __exidx_end = .

.rel.dyn        0x0800dc34        0x0
 .rel.iplt      0x00000000        0x0 obj/main/CJMCU/startup_stm32f10x_md_gcc.o

.preinit_array  0x0800dc34        0x0
                0x0800dc34                PROVIDE (__preinit_array_start, .)
 *(.preinit_array*)
                0x0800dc34                PROVIDE (__preinit_array_end, .)

.init_array     0x0800dc34        0x0
                0x0800dc34                PROVIDE (__init_array_start, .)
 *(SORT(.init_array.*))
 *(.init_array*)
                0x0800dc34                PROVIDE (__init_array_end, .)

.fini_array     0x0800dc34        0x0
                0x0800dc34                PROVIDE (__fini_array_start, .)
 *(.fini_array*)
 *(SORT(.fini_array.*))
                0x0800dc34                PROVIDE (__fini_array_end, .)
                0x0800dc34                _sidata = .

.data           0x20000000       0xac load address 0x0800dc34
                0x20000000                . = ALIGN (0x4)
                0x20000000                _sdata = .
 *(.data)
 .data          0x20000000       0x1c C:\cygwin64\tmp\cclsPPfA.ltrans0.ltrans.o
                0x20000000                rxIsInFailsafeMode.10019
                0x20000001                rxIsInFailsafeModeNotDataDriven.10018
                0x2000000a                acc_1G
                0x20000018                isUsingSticksToArm.9000
 .data          0x2000001c        0xc C:\cygwin64\tmp\cclsPPfA.ltrans1.ltrans.o
                0x2000001c                hse_value
                0x20000020                standardBoardAlignment.11030
                0x20000024                rcReadRawFunc.10003
 .data          0x20000028        0xc C:\cygwin64\tmp\cclsPPfA.ltrans9.ltrans.o
                0x20000028                magGain.4545
 *(.data*)
 .data.pid_controller
                0x20000034        0x4 C:\cygwin64\tmp\cclsPPfA.ltrans0.ltrans.o
                0x20000034                pid_controller
 .data.detectedSensors
                0x20000038        0x4 C:\cygwin64\tmp\cclsPPfA.ltrans1.ltrans.o
 .data.batteryCellCount
                0x2000003c        0x1 C:\cygwin64\tmp\cclsPPfA.ltrans1.ltrans.o
                0x2000003c                batteryCellCount
 *fill*         0x2000003d        0x3 
 .data.SystemCoreClock
                0x20000040        0x4 C:\cygwin64\tmp\cclsPPfA.ltrans1.ltrans.o
                0x20000040                SystemCoreClock
 .data.__fdlib_version
                0x20000044        0x1 c:/users/chalpathi/desktop/arm/bin/../lib/gcc/arm-none-eabi/4.8.4/../../../../arm-none-eabi/lib/armv7-m\libm.a(lib_a-s_lib_ver.o)
                0x20000044                __fdlib_version
 *fill*         0x20000045        0x3 
 .data.impure_data
                0x20000048       0x60 c:/users/chalpathi/desktop/arm/bin/../lib/gcc/arm-none-eabi/4.8.4/../../../../arm-none-eabi/lib/armv7-m\libc_s.a(lib_a-impure.o)
 .data._impure_ptr
                0x200000a8        0x4 c:/users/chalpathi/desktop/arm/bin/../lib/gcc/arm-none-eabi/4.8.4/../../../../arm-none-eabi/lib/armv7-m\libc_s.a(lib_a-impure.o)
                0x200000a8                _impure_ptr
                0x200000ac                . = ALIGN (0x4)
                0x200000ac                _edata = .

.igot.plt       0x200000ac        0x0 load address 0x0800dce0
 .igot.plt      0x00000000        0x0 obj/main/CJMCU/startup_stm32f10x_md_gcc.o
                0x200000ac                . = ALIGN (0x4)

.bss            0x200000b0     0x183c load address 0x0800dce0
                0x200000b0                _sbss = .
                0x200000b0                __bss_start__ = _sbss
 *(.bss)
 .bss           0x200000b0      0xae4 C:\cygwin64\tmp\cclsPPfA.ltrans0.ltrans.o
                0x200000b0                rxSignalReceived.10007
                0x200000b8                rxSignalReceivedNotDataDriven.10009
                0x200000bc                activeFeaturesLatch.6452
                0x200000c4                rxConfig.10005
                0x200000c8                rcFrameComplete.10615
                0x200000c9                spek_chan_shift.10618
                0x200000cc                rxRuntimeConfigPtr.10619
                0x200000d0                spek_chan_mask.10620
                0x200000d1                spekFrame.10614
                0x200000e4                spekChannelData.10617
                0x20000114                sbusFrameDone.10261
                0x20000118                sbusChannelData.10232
                0x20000160                sbusFrame.10235
                0x20000179                sumdFrameDone.10368
                0x2000017a                sumdChannelCount.10369
                0x2000017c                crc.10364
                0x2000017e                sumd.10370
                0x200001a4                sumdChannels.10365
                0x200001c4                sumhFrameDone.10477
                0x200001c5                sumhFrame.10476
                0x200001dc                sumhChannels.10472
                0x200001fc                xBusFrameReceived.10750
                0x200001fd                rxMspFrameDone.10134
                0x200001fe                ppmFrameCount.5118
                0x20000200                captures.5117
                0x20000218                inclination
                0x2000021c                accSmooth
                0x20000222                flightModeFlags
                0x20000224                rxUpdateAt.10031
                0x2000022a                rcData
                0x20000250                rcModeActivationMask
                0x20000254                vario
                0x20000260                enabledSensors.6491
                0x20000268                EstAlt.7780
                0x2000027c                rcCommand
                0x2000028c                mag
                0x20000294                magADC
                0x2000029a                stateFlags
                0x200002a0                masterConfig
                0x200007c0                magInit.11064
                0x200007cc                baro
                0x200007f4                barometerConfig.5995
                0x200008f8                accVelScale
                0x20000900                barometerConfig.7788
                0x2000090c                pidProfile.7787
                0x20000918                currentProfile
                0x2000091c                gyro
                0x2000092c                gyroADC
                0x20000932                gyroAlign
                0x20000934                gyroConfig.11159
                0x20000988                acc
                0x2000099a                calibratingA
                0x2000099c                accelerationTrims.10831
                0x200009ac                InflightcalibratingA
                0x200009c4                AccInflightCalibrationActive
                0x200009c5                AccInflightCalibrationMeasurementDone
                0x200009c6                AccInflightCalibrationSavetoEEProm
                0x200009cc                gyroScaleRad
                0x200009d0                imuRuntimeConfig.8238
                0x200009ec                smallAngle
                0x200009f0                anglerad
                0x20000a04                heading
                0x20000a10                fc_acc
                0x20000a14                accDeadband.8240
                0x20000a18                cycleTime
                0x20000a1c                previousTime
                0x20000a2c                rxRefreshRate.10027
                0x20000a48                magHold
                0x20000a4c                rcControlsConfig.7774
                0x20000a54                escAndServoConfig.7782
                0x20000a58                throttleAngleScale
                0x20000a5c                currentControlRateProfile
                0x20000a60                motorCount
                0x20000a64                mixerConfig.8390
                0x20000a68                axisPID
                0x20000a70                currentMixer.8396
                0x20000b30                motor
                0x20000b48                failsafeState.7902
                0x20000b6c                escAndServoConfig.8389
                0x20000b70                rxConfig.8392
                0x20000b74                flight3DConfig.8388
                0x20000b78                motorControlEnable
                0x20000b7a                motor_disarmed
 .bss           0x20000b94      0x338 C:\cygwin64\tmp\cclsPPfA.ltrans1.ltrans.o
                0x20000ba0                usTicks.8641
                0x20000ba4                extiHandlerConfigs.8640
                0x20000bc0                serialConfig.9234
                0x20000bc4                serialPortCount.9235
                0x20000bc8                serialPortUsageList.9232
                0x20000be8                inputFilteringMode.5121
                0x20000bec                ppmDev
                0x20000d14                motors.4915
                0x20000d44                adcConfig
                0x20000d54                adcValues
                0x20000d5c                boardRotation.11028
                0x20000d80                mpuDetectionResult
                0x20000d84                mpuConfiguration
                0x20000d90                mpuIntExtiConfig.4253
                0x20000d94                ms5611_c.5936
                0x20000da4                hmc5883Config.4546
                0x20000da8                magneticDeclination
                0x20000dac                activeBoxIds.9683
                0x20000dc7                activeBoxIdCount.9687
                0x20000dc8                mspPorts.9682
                0x20000e60                rxConfig.7921
                0x20000e64                deadband3dThrottle.7925
                0x20000e66                rcSampleIndex.10010
                0x20000e68                rcInvalidPulsPeriod
                0x20000eb0                rxRuntimeConfig
                0x20000eb8                xBusDataIncoming.10751
                0x20000eb9                xBusFramePosition.10752
                0x20000eba                xBusFrameLength.10753
                0x20000ebb                xBusChannelCount.10749
                0x20000ebc                xBusProvider.10754
                0x20000ec0                batteryConfig
                0x20000ec4                batteryState.10964
                0x20000ec6                batteryWarningVoltage
                0x20000ec8                batteryCriticalVoltage
 *fill*         0x20000ecc        0x4 
 .bss           0x20000ed0       0xc0 C:\cygwin64\tmp\cclsPPfA.ltrans2.ltrans.o
                0x20000ed0                lookupPitchRollRC
                0x20000ede                lookupYawRC
                0x20000eec                dynP8
                0x20000ef2                dynD8
                0x20000ef5                PIDweight
                0x20000ef8                lookupThrottleRC
                0x20000f10                headFreeModeHold
                0x20000f18                vbat
                0x20000f1a                vbatLatestADC
                0x20000f3c                currentBeeperEntry.8759
                0x20000f40                beeperNextToggleTime.8755
                0x20000f44                beeperIsOn.8754
                0x20000f46                beeperPos.8756
                0x20000f48                warningLedState.9828
                0x20000f50                currentPort.9684
                0x20000f54                mspSerialPort.9686
                0x20000f58                barometerConfig_tmp
                0x20000f5c                rssi
                0x20000f5e                mspFrame.10133
                0x20000f84                escAndServoConfig.9009
                0x20000f88                pidProfile.9010
 .bss           0x20000f90      0x104 C:\cygwin64\tmp\cclsPPfA.ltrans3.ltrans.o
                0x20000f90                skipRxSamples.10029
                0x20000f94                suspendRxSignalUntil.10028
                0x2000103c                failsafeConfig.7901
                0x20001040                errorGyroI.8071
                0x2000104c                errorGyroIf.8089
                0x20001058                disarmAt.7608
                0x20001060                adjustmentStates
                0x20001091                currentControlRateProfileIndex.6449
 .bss           0x20001094       0x88 C:\cygwin64\tmp\cclsPPfA.ltrans4.ltrans.o
 *fill*         0x2000111c        0x4 
 .bss           0x20001120      0x158 C:\cygwin64\tmp\cclsPPfA.ltrans5.ltrans.o
 .bss           0x20001278       0x40 C:\cygwin64\tmp\cclsPPfA.ltrans6.ltrans.o
                0x200012a0                errorAngleIf.8088
 .bss           0x200012b8       0x7c C:\cygwin64\tmp\cclsPPfA.ltrans7.ltrans.o
                0x200012bc                PTermState.8073
                0x200012ec                DTermState.8077
 .bss           0x20001334       0x2c C:\cygwin64\tmp\cclsPPfA.ltrans8.ltrans.o
                0x20001338                errorAngleI.8069
 .bss           0x20001360      0x401 C:\cygwin64\tmp\cclsPPfA.ltrans9.ltrans.o
                0x20001760                spekHiRes.10616
 *fill*         0x20001761        0x3 
 .bss           0x20001764       0x20 C:\cygwin64\tmp\cclsPPfA.ltrans10.ltrans.o
                0x20001764                I2Cx.4435
                0x2000176a                i2cErrorCount.4461
                0x2000176c                addr.4443
                0x2000176d                reg.4441
                0x2000176e                writing.4446
                0x2000176f                reading.4439
                0x20001770                write_p.4447
                0x20001774                read_p.4445
                0x20001778                bytes.4442
                0x20001779                busy.4448
                0x2000177c                ms5611_ut.5937
                0x20001780                ms5611_up.5938
 .bss           0x20001784      0x148 C:\cygwin64\tmp\cclsPPfA.ltrans11.ltrans.o
                0x20001784                timerConfig
                0x20001824                uartPort2.5409
                0x20001878                uartPort1.5408
 .bss           0x200018cc        0x8 C:\cygwin64\tmp\cclsPPfA.ltrans12.ltrans.o
                0x200018cc                sysTickUptime.8642
                0x200018d0                systemState.7131
 *(SORT(.bss*))
 .bss.currentTime
                0x200018d4        0x4 C:\cygwin64\tmp\cclsPPfA.ltrans0.ltrans.o
                0x200018d4                currentTime
 .bss.accTimeSum
                0x200018d8        0x4 C:\cygwin64\tmp\cclsPPfA.ltrans0.ltrans.o
 .bss.setVelocity
                0x200018dc        0x4 C:\cygwin64\tmp\cclsPPfA.ltrans0.ltrans.o
 .bss.calibratingB
                0x200018e0        0x2 C:\cygwin64\tmp\cclsPPfA.ltrans0.ltrans.o
                0x200018e0                calibratingB
 .bss.calibratingG
                0x200018e2        0x2 C:\cygwin64\tmp\cclsPPfA.ltrans0.ltrans.o
                0x200018e2                calibratingG
 .bss.accAlign  0x200018e4        0x1 C:\cygwin64\tmp\cclsPPfA.ltrans0.ltrans.o
                0x200018e4                accAlign
 .bss.magAlign  0x200018e5        0x1 C:\cygwin64\tmp\cclsPPfA.ltrans0.ltrans.o
                0x200018e5                magAlign
 .bss.armingFlags
                0x200018e6        0x1 C:\cygwin64\tmp\cclsPPfA.ltrans0.ltrans.o
                0x200018e6                armingFlags
 .bss.hardwareRevision
                0x200018e7        0x1 C:\cygwin64\tmp\cclsPPfA.ltrans1.ltrans.o
 .bss.cliMode   0x200018e8        0x1 C:\cygwin64\tmp\cclsPPfA.ltrans3.ltrans.o
 *(COMMON)
                0x200018ec                . = ALIGN (0x4)
 *fill*         0x200018e9        0x3 
                0x200018ec                _ebss = .
                0x200018ec                __bss_end__ = _ebss

._user_heap_stack
                0x200018ec      0x400 load address 0x0800dce0
                0x200018ec                . = ALIGN (0x4)
                0x200018ec                PROVIDE (end, .)
                0x200018ec                PROVIDE (_end, .)
                0x200018ec                . = (. + _Min_Heap_Size)
                0x20001cec                . = (. + _Min_Stack_Size)
 *fill*         0x200018ec      0x400 
                0x20001cec                . = ALIGN (0x4)

.memory_b1_text
 *(.mb1text)
 *(.mb1text*)
 *(.mb1rodata)
 *(.mb1rodata*)

/DISCARD/
 libc.a(*)
 libm.a(*)
 libgcc.a(*)

.ARM.attributes
                0x00000000       0x2f
 *(.ARM.attributes)
 .ARM.attributes
                0x00000000       0x21 obj/main/CJMCU/startup_stm32f10x_md_gcc.o
 .ARM.attributes
                0x00000021       0x31 C:\cygwin64\tmp\cclsPPfA.ltrans0.ltrans.o
 .ARM.attributes
                0x00000052       0x31 C:\cygwin64\tmp\cclsPPfA.ltrans1.ltrans.o
 .ARM.attributes
                0x00000083       0x31 C:\cygwin64\tmp\cclsPPfA.ltrans2.ltrans.o
 .ARM.attributes
                0x000000b4       0x31 C:\cygwin64\tmp\cclsPPfA.ltrans3.ltrans.o
 .ARM.attributes
                0x000000e5       0x31 C:\cygwin64\tmp\cclsPPfA.ltrans4.ltrans.o
 .ARM.attributes
                0x00000116       0x31 C:\cygwin64\tmp\cclsPPfA.ltrans5.ltrans.o
 .ARM.attributes
                0x00000147       0x31 C:\cygwin64\tmp\cclsPPfA.ltrans6.ltrans.o
 .ARM.attributes
                0x00000178       0x31 C:\cygwin64\tmp\cclsPPfA.ltrans7.ltrans.o
 .ARM.attributes
                0x000001a9       0x31 C:\cygwin64\tmp\cclsPPfA.ltrans8.ltrans.o
 .ARM.attributes
                0x000001da       0x31 C:\cygwin64\tmp\cclsPPfA.ltrans9.ltrans.o
 .ARM.attributes
                0x0000020b       0x31 C:\cygwin64\tmp\cclsPPfA.ltrans10.ltrans.o
 .ARM.attributes
                0x0000023c       0x31 C:\cygwin64\tmp\cclsPPfA.ltrans11.ltrans.o
 .ARM.attributes
                0x0000026d       0x31 C:\cygwin64\tmp\cclsPPfA.ltrans12.ltrans.o
 .ARM.attributes
                0x0000029e       0x1d c:/users/chalpathi/desktop/arm/bin/../lib/gcc/arm-none-eabi/4.8.4/armv7-m\libgcc.a(_ashrdi3.o)
 .ARM.attributes
                0x000002bb       0x1d c:/users/chalpathi/desktop/arm/bin/../lib/gcc/arm-none-eabi/4.8.4/armv7-m\libgcc.a(_arm_addsubsf3.o)
 .ARM.attributes
                0x000002d8       0x1d c:/users/chalpathi/desktop/arm/bin/../lib/gcc/arm-none-eabi/4.8.4/armv7-m\libgcc.a(_arm_muldivsf3.o)
 .ARM.attributes
                0x000002f5       0x1d c:/users/chalpathi/desktop/arm/bin/../lib/gcc/arm-none-eabi/4.8.4/armv7-m\libgcc.a(_arm_cmpsf2.o)
 .ARM.attributes
                0x00000312       0x1d c:/users/chalpathi/desktop/arm/bin/../lib/gcc/arm-none-eabi/4.8.4/armv7-m\libgcc.a(_arm_fixsfsi.o)
 .ARM.attributes
                0x0000032f       0x1d c:/users/chalpathi/desktop/arm/bin/../lib/gcc/arm-none-eabi/4.8.4/armv7-m\libgcc.a(_arm_fixunssfsi.o)
 .ARM.attributes
                0x0000034c       0x1d c:/users/chalpathi/desktop/arm/bin/../lib/gcc/arm-none-eabi/4.8.4/armv7-m\libgcc.a(_aeabi_ldivmod.o)
 .ARM.attributes
                0x00000369       0x2d c:/users/chalpathi/desktop/arm/bin/../lib/gcc/arm-none-eabi/4.8.4/armv7-m\libgcc.a(_fixsfdi.o)
 .ARM.attributes
                0x00000396       0x2d c:/users/chalpathi/desktop/arm/bin/../lib/gcc/arm-none-eabi/4.8.4/armv7-m\libgcc.a(_fixunssfdi.o)
 .ARM.attributes
                0x000003c3       0x2d c:/users/chalpathi/desktop/arm/bin/../lib/gcc/arm-none-eabi/4.8.4/armv7-m\libgcc.a(bpabi.o)
 .ARM.attributes
                0x000003f0       0x1d c:/users/chalpathi/desktop/arm/bin/../lib/gcc/arm-none-eabi/4.8.4/armv7-m\libgcc.a(_dvmd_tls.o)
 .ARM.attributes
                0x0000040d       0x1d c:/users/chalpathi/desktop/arm/bin/../lib/gcc/arm-none-eabi/4.8.4/armv7-m\libgcc.a(_arm_addsubdf3.o)
 .ARM.attributes
                0x0000042a       0x1d c:/users/chalpathi/desktop/arm/bin/../lib/gcc/arm-none-eabi/4.8.4/armv7-m\libgcc.a(_arm_muldivdf3.o)
 .ARM.attributes
                0x00000447       0x1d c:/users/chalpathi/desktop/arm/bin/../lib/gcc/arm-none-eabi/4.8.4/armv7-m\libgcc.a(_arm_fixunsdfsi.o)
 .ARM.attributes
                0x00000464       0x2d c:/users/chalpathi/desktop/arm/bin/../lib/gcc/arm-none-eabi/4.8.4/armv7-m\libgcc.a(_divdi3.o)
 .ARM.attributes
                0x00000491       0x2d c:/users/chalpathi/desktop/arm/bin/../lib/gcc/arm-none-eabi/4.8.4/armv7-m\libgcc.a(_udivdi3.o)
 .ARM.attributes
                0x000004be       0x2d c:/users/chalpathi/desktop/arm/bin/../lib/gcc/arm-none-eabi/4.8.4/../../../../arm-none-eabi/lib/armv7-m\libg_s.a(lib_a-memcpy-stub.o)
 .ARM.attributes
                0x000004eb       0x2d c:/users/chalpathi/desktop/arm/bin/../lib/gcc/arm-none-eabi/4.8.4/../../../../arm-none-eabi/lib/armv7-m\libg_s.a(lib_a-memset.o)
 .ARM.attributes
                0x00000518       0x2d c:/users/chalpathi/desktop/arm/bin/../lib/gcc/arm-none-eabi/4.8.4/../../../../arm-none-eabi/lib/armv7-m\libg_s.a(lib_a-strchr.o)
 .ARM.attributes
                0x00000545       0x2d c:/users/chalpathi/desktop/arm/bin/../lib/gcc/arm-none-eabi/4.8.4/../../../../arm-none-eabi/lib/armv7-m\libg_s.a(lib_a-strlen.o)
 .ARM.attributes
                0x00000572       0x2d c:/users/chalpathi/desktop/arm/bin/../lib/gcc/arm-none-eabi/4.8.4/../../../../arm-none-eabi/lib/armv7-m\libm.a(lib_a-sf_lrint.o)
 .ARM.attributes
                0x0000059f       0x2d c:/users/chalpathi/desktop/arm/bin/../lib/gcc/arm-none-eabi/4.8.4/../../../../arm-none-eabi/lib/armv7-m\libm.a(lib_a-wf_acos.o)
 .ARM.attributes
                0x000005cc       0x2d c:/users/chalpathi/desktop/arm/bin/../lib/gcc/arm-none-eabi/4.8.4/../../../../arm-none-eabi/lib/armv7-m\libm.a(lib_a-wf_atan2.o)
 .ARM.attributes
                0x000005f9       0x2d c:/users/chalpathi/desktop/arm/bin/../lib/gcc/arm-none-eabi/4.8.4/../../../../arm-none-eabi/lib/armv7-m\libm.a(lib_a-wf_pow.o)
 .ARM.attributes
                0x00000626       0x2d c:/users/chalpathi/desktop/arm/bin/../lib/gcc/arm-none-eabi/4.8.4/../../../../arm-none-eabi/lib/armv7-m\libm.a(lib_a-wf_sqrt.o)
 .ARM.attributes
                0x00000653       0x2d c:/users/chalpathi/desktop/arm/bin/../lib/gcc/arm-none-eabi/4.8.4/../../../../arm-none-eabi/lib/armv7-m\libm.a(lib_a-ef_acos.o)
 .ARM.attributes
                0x00000680       0x2d c:/users/chalpathi/desktop/arm/bin/../lib/gcc/arm-none-eabi/4.8.4/../../../../arm-none-eabi/lib/armv7-m\libm.a(lib_a-ef_atan2.o)
 .ARM.attributes
                0x000006ad       0x2d c:/users/chalpathi/desktop/arm/bin/../lib/gcc/arm-none-eabi/4.8.4/../../../../arm-none-eabi/lib/armv7-m\libm.a(lib_a-ef_pow.o)
 .ARM.attributes
                0x000006da       0x2d c:/users/chalpathi/desktop/arm/bin/../lib/gcc/arm-none-eabi/4.8.4/../../../../arm-none-eabi/lib/armv7-m\libm.a(lib_a-ef_sqrt.o)
 .ARM.attributes
                0x00000707       0x2d c:/users/chalpathi/desktop/arm/bin/../lib/gcc/arm-none-eabi/4.8.4/../../../../arm-none-eabi/lib/armv7-m\libm.a(lib_a-s_lib_ver.o)
 .ARM.attributes
                0x00000734       0x2d c:/users/chalpathi/desktop/arm/bin/../lib/gcc/arm-none-eabi/4.8.4/../../../../arm-none-eabi/lib/armv7-m\libm.a(lib_a-s_matherr.o)
 .ARM.attributes
                0x00000761       0x2d c:/users/chalpathi/desktop/arm/bin/../lib/gcc/arm-none-eabi/4.8.4/../../../../arm-none-eabi/lib/armv7-m\libm.a(lib_a-s_nan.o)
 .ARM.attributes
                0x0000078e       0x2d c:/users/chalpathi/desktop/arm/bin/../lib/gcc/arm-none-eabi/4.8.4/../../../../arm-none-eabi/lib/armv7-m\libm.a(lib_a-s_rint.o)
 .ARM.attributes
                0x000007bb       0x2d c:/users/chalpathi/desktop/arm/bin/../lib/gcc/arm-none-eabi/4.8.4/../../../../arm-none-eabi/lib/armv7-m\libm.a(lib_a-sf_atan.o)
 .ARM.attributes
                0x000007e8       0x2d c:/users/chalpathi/desktop/arm/bin/../lib/gcc/arm-none-eabi/4.8.4/../../../../arm-none-eabi/lib/armv7-m\libm.a(lib_a-sf_fabs.o)
 .ARM.attributes
                0x00000815       0x2d c:/users/chalpathi/desktop/arm/bin/../lib/gcc/arm-none-eabi/4.8.4/../../../../arm-none-eabi/lib/armv7-m\libm.a(lib_a-sf_finite.o)
 .ARM.attributes
                0x00000842       0x2d c:/users/chalpathi/desktop/arm/bin/../lib/gcc/arm-none-eabi/4.8.4/../../../../arm-none-eabi/lib/armv7-m\libm.a(lib_a-sf_fpclassify.o)
 .ARM.attributes
                0x0000086f       0x2d c:/users/chalpathi/desktop/arm/bin/../lib/gcc/arm-none-eabi/4.8.4/../../../../arm-none-eabi/lib/armv7-m\libm.a(lib_a-sf_nan.o)
 .ARM.attributes
                0x0000089c       0x2d c:/users/chalpathi/desktop/arm/bin/../lib/gcc/arm-none-eabi/4.8.4/../../../../arm-none-eabi/lib/armv7-m\libm.a(lib_a-sf_scalbn.o)
 .ARM.attributes
                0x000008c9       0x2d c:/users/chalpathi/desktop/arm/bin/../lib/gcc/arm-none-eabi/4.8.4/../../../../arm-none-eabi/lib/armv7-m\libm.a(lib_a-sf_copysign.o)
 .ARM.attributes
                0x000008f6       0x2d c:/users/chalpathi/desktop/arm/bin/../lib/gcc/arm-none-eabi/4.8.4/../../../../arm-none-eabi/lib/armv7-m\libc_s.a(lib_a-errno.o)
 .ARM.attributes
                0x00000923       0x2d c:/users/chalpathi/desktop/arm/bin/../lib/gcc/arm-none-eabi/4.8.4/../../../../arm-none-eabi/lib/armv7-m\libc_s.a(lib_a-impure.o)
 .ARM.attributes
                0x00000950       0x1d c:/users/chalpathi/desktop/arm/bin/../lib/gcc/arm-none-eabi/4.8.4/armv7-m\libgcc.a(_arm_cmpdf2.o)
 .ARM.attributes
                0x0000096d       0x1d c:/users/chalpathi/desktop/arm/bin/../lib/gcc/arm-none-eabi/4.8.4/armv7-m\libgcc.a(_arm_truncdfsf2.o)
OUTPUT(obj/main/cleanflight_CJMCU.elf elf32-littlearm)

.debug_info     0x00000000    0x1f572
 .debug_info    0x00000000     0x47bd C:\cygwin64\tmp\cclsPPfA.ltrans0.ltrans.o
 .debug_info    0x000047bd     0x5939 C:\cygwin64\tmp\cclsPPfA.ltrans1.ltrans.o
 .debug_info    0x0000a0f6     0x303c C:\cygwin64\tmp\cclsPPfA.ltrans2.ltrans.o
 .debug_info    0x0000d132     0x221d C:\cygwin64\tmp\cclsPPfA.ltrans3.ltrans.o
 .debug_info    0x0000f34f     0x34a2 C:\cygwin64\tmp\cclsPPfA.ltrans4.ltrans.o
 .debug_info    0x000127f1     0x2343 C:\cygwin64\tmp\cclsPPfA.ltrans5.ltrans.o
 .debug_info    0x00014b34     0x1c88 C:\cygwin64\tmp\cclsPPfA.ltrans6.ltrans.o
 .debug_info    0x000167bc     0x2779 C:\cygwin64\tmp\cclsPPfA.ltrans7.ltrans.o
 .debug_info    0x00018f35     0x2be8 C:\cygwin64\tmp\cclsPPfA.ltrans8.ltrans.o
 .debug_info    0x0001bb1d     0x1a31 C:\cygwin64\tmp\cclsPPfA.ltrans9.ltrans.o
 .debug_info    0x0001d54e     0x125a C:\cygwin64\tmp\cclsPPfA.ltrans10.ltrans.o
 .debug_info    0x0001e7a8      0xb2b C:\cygwin64\tmp\cclsPPfA.ltrans11.ltrans.o
 .debug_info    0x0001f2d3      0x29f C:\cygwin64\tmp\cclsPPfA.ltrans12.ltrans.o

.debug_abbrev   0x00000000     0x3b16
 .debug_abbrev  0x00000000      0x574 C:\cygwin64\tmp\cclsPPfA.ltrans0.ltrans.o
 .debug_abbrev  0x00000574      0x581 C:\cygwin64\tmp\cclsPPfA.ltrans1.ltrans.o
 .debug_abbrev  0x00000af5      0x4ee C:\cygwin64\tmp\cclsPPfA.ltrans2.ltrans.o
 .debug_abbrev  0x00000fe3      0x3f8 C:\cygwin64\tmp\cclsPPfA.ltrans3.ltrans.o
 .debug_abbrev  0x000013db      0x63e C:\cygwin64\tmp\cclsPPfA.ltrans4.ltrans.o
 .debug_abbrev  0x00001a19      0x4cd C:\cygwin64\tmp\cclsPPfA.ltrans5.ltrans.o
 .debug_abbrev  0x00001ee6      0x535 C:\cygwin64\tmp\cclsPPfA.ltrans6.ltrans.o
 .debug_abbrev  0x0000241b      0x590 C:\cygwin64\tmp\cclsPPfA.ltrans7.ltrans.o
 .debug_abbrev  0x000029ab      0x5bd C:\cygwin64\tmp\cclsPPfA.ltrans8.ltrans.o
 .debug_abbrev  0x00002f68      0x425 C:\cygwin64\tmp\cclsPPfA.ltrans9.ltrans.o
 .debug_abbrev  0x0000338d      0x447 C:\cygwin64\tmp\cclsPPfA.ltrans10.ltrans.o
 .debug_abbrev  0x000037d4      0x22a C:\cygwin64\tmp\cclsPPfA.ltrans11.ltrans.o
 .debug_abbrev  0x000039fe      0x118 C:\cygwin64\tmp\cclsPPfA.ltrans12.ltrans.o

.debug_loc      0x00000000     0xd100
 .debug_loc     0x00000000     0x1a64 C:\cygwin64\tmp\cclsPPfA.ltrans0.ltrans.o
 .debug_loc     0x00001a64     0x212d C:\cygwin64\tmp\cclsPPfA.ltrans1.ltrans.o
 .debug_loc     0x00003b91     0x13e0 C:\cygwin64\tmp\cclsPPfA.ltrans2.ltrans.o
 .debug_loc     0x00004f71      0xfed C:\cygwin64\tmp\cclsPPfA.ltrans3.ltrans.o
 .debug_loc     0x00005f5e     0x1d3e C:\cygwin64\tmp\cclsPPfA.ltrans4.ltrans.o
 .debug_loc     0x00007c9c      0xf11 C:\cygwin64\tmp\cclsPPfA.ltrans5.ltrans.o
 .debug_loc     0x00008bad     0x13be C:\cygwin64\tmp\cclsPPfA.ltrans6.ltrans.o
 .debug_loc     0x00009f6b      0xde9 C:\cygwin64\tmp\cclsPPfA.ltrans7.ltrans.o
 .debug_loc     0x0000ad54      0xe3f C:\cygwin64\tmp\cclsPPfA.ltrans8.ltrans.o
 .debug_loc     0x0000bb93      0xa50 C:\cygwin64\tmp\cclsPPfA.ltrans9.ltrans.o
 .debug_loc     0x0000c5e3      0xb0a C:\cygwin64\tmp\cclsPPfA.ltrans10.ltrans.o
 .debug_loc     0x0000d0ed       0x13 C:\cygwin64\tmp\cclsPPfA.ltrans11.ltrans.o

.debug_aranges  0x00000000      0x1a8
 .debug_aranges
                0x00000000       0x20 C:\cygwin64\tmp\cclsPPfA.ltrans0.ltrans.o
 .debug_aranges
                0x00000020       0x20 C:\cygwin64\tmp\cclsPPfA.ltrans1.ltrans.o
 .debug_aranges
                0x00000040       0x20 C:\cygwin64\tmp\cclsPPfA.ltrans2.ltrans.o
 .debug_aranges
                0x00000060       0x20 C:\cygwin64\tmp\cclsPPfA.ltrans3.ltrans.o
 .debug_aranges
                0x00000080       0x28 C:\cygwin64\tmp\cclsPPfA.ltrans4.ltrans.o
 .debug_aranges
                0x000000a8       0x20 C:\cygwin64\tmp\cclsPPfA.ltrans5.ltrans.o
 .debug_aranges
                0x000000c8       0x20 C:\cygwin64\tmp\cclsPPfA.ltrans6.ltrans.o
 .debug_aranges
                0x000000e8       0x20 C:\cygwin64\tmp\cclsPPfA.ltrans7.ltrans.o
 .debug_aranges
                0x00000108       0x20 C:\cygwin64\tmp\cclsPPfA.ltrans8.ltrans.o
 .debug_aranges
                0x00000128       0x20 C:\cygwin64\tmp\cclsPPfA.ltrans9.ltrans.o
 .debug_aranges
                0x00000148       0x20 C:\cygwin64\tmp\cclsPPfA.ltrans10.ltrans.o
 .debug_aranges
                0x00000168       0x20 C:\cygwin64\tmp\cclsPPfA.ltrans11.ltrans.o
 .debug_aranges
                0x00000188       0x20 C:\cygwin64\tmp\cclsPPfA.ltrans12.ltrans.o

.debug_ranges   0x00000000     0x26a8
 .debug_ranges  0x00000000      0x4b8 C:\cygwin64\tmp\cclsPPfA.ltrans0.ltrans.o
 .debug_ranges  0x000004b8      0xa30 C:\cygwin64\tmp\cclsPPfA.ltrans1.ltrans.o
 .debug_ranges  0x00000ee8      0x7a0 C:\cygwin64\tmp\cclsPPfA.ltrans2.ltrans.o
 .debug_ranges  0x00001688      0x638 C:\cygwin64\tmp\cclsPPfA.ltrans3.ltrans.o
 .debug_ranges  0x00001cc0       0x90 C:\cygwin64\tmp\cclsPPfA.ltrans4.ltrans.o
 .debug_ranges  0x00001d50       0xa0 C:\cygwin64\tmp\cclsPPfA.ltrans5.ltrans.o
 .debug_ranges  0x00001df0      0x130 C:\cygwin64\tmp\cclsPPfA.ltrans6.ltrans.o
 .debug_ranges  0x00001f20      0x3a8 C:\cygwin64\tmp\cclsPPfA.ltrans7.ltrans.o
 .debug_ranges  0x000022c8      0x160 C:\cygwin64\tmp\cclsPPfA.ltrans8.ltrans.o
 .debug_ranges  0x00002428      0x118 C:\cygwin64\tmp\cclsPPfA.ltrans9.ltrans.o
 .debug_ranges  0x00002540      0x168 C:\cygwin64\tmp\cclsPPfA.ltrans10.ltrans.o

.debug_line     0x00000000     0x65de
 .debug_line    0x00000000      0xb22 C:\cygwin64\tmp\cclsPPfA.ltrans0.ltrans.o
 .debug_line    0x00000b22     0x10d0 C:\cygwin64\tmp\cclsPPfA.ltrans1.ltrans.o
 .debug_line    0x00001bf2      0xb10 C:\cygwin64\tmp\cclsPPfA.ltrans2.ltrans.o
 .debug_line    0x00002702      0x850 C:\cygwin64\tmp\cclsPPfA.ltrans3.ltrans.o
 .debug_line    0x00002f52      0x9c7 C:\cygwin64\tmp\cclsPPfA.ltrans4.ltrans.o
 .debug_line    0x00003919      0x749 C:\cygwin64\tmp\cclsPPfA.ltrans5.ltrans.o
 .debug_line    0x00004062      0x7a6 C:\cygwin64\tmp\cclsPPfA.ltrans6.ltrans.o
 .debug_line    0x00004808      0x93b C:\cygwin64\tmp\cclsPPfA.ltrans7.ltrans.o
 .debug_line    0x00005143      0x771 C:\cygwin64\tmp\cclsPPfA.ltrans8.ltrans.o
 .debug_line    0x000058b4      0x51d C:\cygwin64\tmp\cclsPPfA.ltrans9.ltrans.o
 .debug_line    0x00005dd1      0x483 C:\cygwin64\tmp\cclsPPfA.ltrans10.ltrans.o
 .debug_line    0x00006254      0x20a C:\cygwin64\tmp\cclsPPfA.ltrans11.ltrans.o
 .debug_line    0x0000645e      0x180 C:\cygwin64\tmp\cclsPPfA.ltrans12.ltrans.o

.debug_str      0x00000000     0x9043
 .debug_str     0x00000000     0x2ca2 C:\cygwin64\tmp\cclsPPfA.ltrans0.ltrans.o
                               0x2de2 (size before relaxing)
 .debug_str     0x00002ca2     0x2844 C:\cygwin64\tmp\cclsPPfA.ltrans1.ltrans.o
                               0x357b (size before relaxing)
 .debug_str     0x000054e6      0xa8b C:\cygwin64\tmp\cclsPPfA.ltrans2.ltrans.o
                               0x187b (size before relaxing)
 .debug_str     0x00005f71      0xaf5 C:\cygwin64\tmp\cclsPPfA.ltrans3.ltrans.o
                               0x15e9 (size before relaxing)
 .debug_str     0x00006a66      0xc30 C:\cygwin64\tmp\cclsPPfA.ltrans4.ltrans.o
                               0x214e (size before relaxing)
 .debug_str     0x00007696      0x64f C:\cygwin64\tmp\cclsPPfA.ltrans5.ltrans.o
                               0x134b (size before relaxing)
 .debug_str     0x00007ce5      0x357 C:\cygwin64\tmp\cclsPPfA.ltrans6.ltrans.o
                               0x1075 (size before relaxing)
 .debug_str     0x0000803c      0x58d C:\cygwin64\tmp\cclsPPfA.ltrans7.ltrans.o
                               0x1bfd (size before relaxing)
 .debug_str     0x000085c9      0x317 C:\cygwin64\tmp\cclsPPfA.ltrans8.ltrans.o
                               0x1f85 (size before relaxing)
 .debug_str     0x000088e0      0x218 C:\cygwin64\tmp\cclsPPfA.ltrans9.ltrans.o
                                0xf28 (size before relaxing)
 .debug_str     0x00008af8      0x335 C:\cygwin64\tmp\cclsPPfA.ltrans10.ltrans.o
                                0x8a5 (size before relaxing)
 .debug_str     0x00008e2d      0x153 C:\cygwin64\tmp\cclsPPfA.ltrans11.ltrans.o
                                0x837 (size before relaxing)
 .debug_str     0x00008f80       0xc3 C:\cygwin64\tmp\cclsPPfA.ltrans12.ltrans.o
                                0x4dd (size before relaxing)

.comment        0x00000000       0x70
 .comment       0x00000000       0x70 C:\cygwin64\tmp\cclsPPfA.ltrans0.ltrans.o
                                 0x71 (size before relaxing)
 .comment       0x00000000       0x71 C:\cygwin64\tmp\cclsPPfA.ltrans1.ltrans.o
 .comment       0x00000000       0x71 C:\cygwin64\tmp\cclsPPfA.ltrans2.ltrans.o
 .comment       0x00000000       0x71 C:\cygwin64\tmp\cclsPPfA.ltrans3.ltrans.o
 .comment       0x00000000       0x71 C:\cygwin64\tmp\cclsPPfA.ltrans4.ltrans.o
 .comment       0x00000000       0x71 C:\cygwin64\tmp\cclsPPfA.ltrans5.ltrans.o
 .comment       0x00000000       0x71 C:\cygwin64\tmp\cclsPPfA.ltrans6.ltrans.o
 .comment       0x00000000       0x71 C:\cygwin64\tmp\cclsPPfA.ltrans7.ltrans.o
 .comment       0x00000000       0x71 C:\cygwin64\tmp\cclsPPfA.ltrans8.ltrans.o
 .comment       0x00000000       0x71 C:\cygwin64\tmp\cclsPPfA.ltrans9.ltrans.o
 .comment       0x00000000       0x71 C:\cygwin64\tmp\cclsPPfA.ltrans10.ltrans.o
 .comment       0x00000000       0x71 C:\cygwin64\tmp\cclsPPfA.ltrans11.ltrans.o
 .comment       0x00000000       0x71 C:\cygwin64\tmp\cclsPPfA.ltrans12.ltrans.o

.debug_frame    0x00000000     0x13e4
 .debug_frame   0x00000000       0x2c C:\cygwin64\tmp\cclsPPfA.ltrans0.ltrans.o
 .debug_frame   0x0000002c       0x3c C:\cygwin64\tmp\cclsPPfA.ltrans1.ltrans.o
 .debug_frame   0x00000068       0x3c C:\cygwin64\tmp\cclsPPfA.ltrans2.ltrans.o
 .debug_frame   0x000000a4       0x38 C:\cygwin64\tmp\cclsPPfA.ltrans3.ltrans.o
 .debug_frame   0x000000dc      0x5f0 C:\cygwin64\tmp\cclsPPfA.ltrans4.ltrans.o
 .debug_frame   0x000006cc      0x130 C:\cygwin64\tmp\cclsPPfA.ltrans5.ltrans.o
 .debug_frame   0x000007fc      0x138 C:\cygwin64\tmp\cclsPPfA.ltrans6.ltrans.o
 .debug_frame   0x00000934      0x120 C:\cygwin64\tmp\cclsPPfA.ltrans7.ltrans.o
 .debug_frame   0x00000a54      0x194 C:\cygwin64\tmp\cclsPPfA.ltrans8.ltrans.o
 .debug_frame   0x00000be8       0xcc C:\cygwin64\tmp\cclsPPfA.ltrans9.ltrans.o
 .debug_frame   0x00000cb4      0x124 C:\cygwin64\tmp\cclsPPfA.ltrans10.ltrans.o
 .debug_frame   0x00000dd8       0xd0 C:\cygwin64\tmp\cclsPPfA.ltrans11.ltrans.o
 .debug_frame   0x00000ea8       0x68 C:\cygwin64\tmp\cclsPPfA.ltrans12.ltrans.o
 .debug_frame   0x00000f10       0x28 c:/users/chalpathi/desktop/arm/bin/../lib/gcc/arm-none-eabi/4.8.4/armv7-m\libgcc.a(_fixsfdi.o)
 .debug_frame   0x00000f38       0x2c c:/users/chalpathi/desktop/arm/bin/../lib/gcc/arm-none-eabi/4.8.4/armv7-m\libgcc.a(_fixunssfdi.o)
 .debug_frame   0x00000f64       0x58 c:/users/chalpathi/desktop/arm/bin/../lib/gcc/arm-none-eabi/4.8.4/armv7-m\libgcc.a(bpabi.o)
 .debug_frame   0x00000fbc       0x34 c:/users/chalpathi/desktop/arm/bin/../lib/gcc/arm-none-eabi/4.8.4/armv7-m\libgcc.a(_divdi3.o)
 .debug_frame   0x00000ff0       0x34 c:/users/chalpathi/desktop/arm/bin/../lib/gcc/arm-none-eabi/4.8.4/armv7-m\libgcc.a(_udivdi3.o)
 .debug_frame   0x00001024       0x28 c:/users/chalpathi/desktop/arm/bin/../lib/gcc/arm-none-eabi/4.8.4/../../../../arm-none-eabi/lib/armv7-m\libg_s.a(lib_a-memcpy-stub.o)
 .debug_frame   0x0000104c       0x20 c:/users/chalpathi/desktop/arm/bin/../lib/gcc/arm-none-eabi/4.8.4/../../../../arm-none-eabi/lib/armv7-m\libg_s.a(lib_a-memset.o)
 .debug_frame   0x0000106c       0x20 c:/users/chalpathi/desktop/arm/bin/../lib/gcc/arm-none-eabi/4.8.4/../../../../arm-none-eabi/lib/armv7-m\libg_s.a(lib_a-strchr.o)
 .debug_frame   0x0000108c       0x20 c:/users/chalpathi/desktop/arm/bin/../lib/gcc/arm-none-eabi/4.8.4/../../../../arm-none-eabi/lib/armv7-m\libg_s.a(lib_a-strlen.o)
 .debug_frame   0x000010ac       0x2c c:/users/chalpathi/desktop/arm/bin/../lib/gcc/arm-none-eabi/4.8.4/../../../../arm-none-eabi/lib/armv7-m\libm.a(lib_a-sf_lrint.o)
 .debug_frame   0x000010d8       0x30 c:/users/chalpathi/desktop/arm/bin/../lib/gcc/arm-none-eabi/4.8.4/../../../../arm-none-eabi/lib/armv7-m\libm.a(lib_a-wf_acos.o)
 .debug_frame   0x00001108       0x20 c:/users/chalpathi/desktop/arm/bin/../lib/gcc/arm-none-eabi/4.8.4/../../../../arm-none-eabi/lib/armv7-m\libm.a(lib_a-wf_atan2.o)
 .debug_frame   0x00001128       0x34 c:/users/chalpathi/desktop/arm/bin/../lib/gcc/arm-none-eabi/4.8.4/../../../../arm-none-eabi/lib/armv7-m\libm.a(lib_a-wf_pow.o)
 .debug_frame   0x0000115c       0x30 c:/users/chalpathi/desktop/arm/bin/../lib/gcc/arm-none-eabi/4.8.4/../../../../arm-none-eabi/lib/armv7-m\libm.a(lib_a-wf_sqrt.o)
 .debug_frame   0x0000118c       0x30 c:/users/chalpathi/desktop/arm/bin/../lib/gcc/arm-none-eabi/4.8.4/../../../../arm-none-eabi/lib/armv7-m\libm.a(lib_a-ef_acos.o)
 .debug_frame   0x000011bc       0x30 c:/users/chalpathi/desktop/arm/bin/../lib/gcc/arm-none-eabi/4.8.4/../../../../arm-none-eabi/lib/armv7-m\libm.a(lib_a-ef_atan2.o)
 .debug_frame   0x000011ec       0x38 c:/users/chalpathi/desktop/arm/bin/../lib/gcc/arm-none-eabi/4.8.4/../../../../arm-none-eabi/lib/armv7-m\libm.a(lib_a-ef_pow.o)
 .debug_frame   0x00001224       0x30 c:/users/chalpathi/desktop/arm/bin/../lib/gcc/arm-none-eabi/4.8.4/../../../../arm-none-eabi/lib/armv7-m\libm.a(lib_a-ef_sqrt.o)
 .debug_frame   0x00001254       0x20 c:/users/chalpathi/desktop/arm/bin/../lib/gcc/arm-none-eabi/4.8.4/../../../../arm-none-eabi/lib/armv7-m\libm.a(lib_a-s_matherr.o)
 .debug_frame   0x00001274       0x20 c:/users/chalpathi/desktop/arm/bin/../lib/gcc/arm-none-eabi/4.8.4/../../../../arm-none-eabi/lib/armv7-m\libm.a(lib_a-s_nan.o)
 .debug_frame   0x00001294       0x34 c:/users/chalpathi/desktop/arm/bin/../lib/gcc/arm-none-eabi/4.8.4/../../../../arm-none-eabi/lib/armv7-m\libm.a(lib_a-s_rint.o)
 .debug_frame   0x000012c8       0x30 c:/users/chalpathi/desktop/arm/bin/../lib/gcc/arm-none-eabi/4.8.4/../../../../arm-none-eabi/lib/armv7-m\libm.a(lib_a-sf_atan.o)
 .debug_frame   0x000012f8       0x20 c:/users/chalpathi/desktop/arm/bin/../lib/gcc/arm-none-eabi/4.8.4/../../../../arm-none-eabi/lib/armv7-m\libm.a(lib_a-sf_fabs.o)
 .debug_frame   0x00001318       0x20 c:/users/chalpathi/desktop/arm/bin/../lib/gcc/arm-none-eabi/4.8.4/../../../../arm-none-eabi/lib/armv7-m\libm.a(lib_a-sf_finite.o)
 .debug_frame   0x00001338       0x20 c:/users/chalpathi/desktop/arm/bin/../lib/gcc/arm-none-eabi/4.8.4/../../../../arm-none-eabi/lib/armv7-m\libm.a(lib_a-sf_fpclassify.o)
 .debug_frame   0x00001358       0x20 c:/users/chalpathi/desktop/arm/bin/../lib/gcc/arm-none-eabi/4.8.4/../../../../arm-none-eabi/lib/armv7-m\libm.a(lib_a-sf_nan.o)
 .debug_frame   0x00001378       0x2c c:/users/chalpathi/desktop/arm/bin/../lib/gcc/arm-none-eabi/4.8.4/../../../../arm-none-eabi/lib/armv7-m\libm.a(lib_a-sf_scalbn.o)
 .debug_frame   0x000013a4       0x20 c:/users/chalpathi/desktop/arm/bin/../lib/gcc/arm-none-eabi/4.8.4/../../../../arm-none-eabi/lib/armv7-m\libm.a(lib_a-sf_copysign.o)
 .debug_frame   0x000013c4       0x20 c:/users/chalpathi/desktop/arm/bin/../lib/gcc/arm-none-eabi/4.8.4/../../../../arm-none-eabi/lib/armv7-m\libc_s.a(lib_a-errno.o)
