Archive member included because of file (symbol)

c:/users/chalpathi/desktop/arm/bin/../lib/gcc/arm-none-eabi/4.8.4/armv7-m\libgcc.a(_ashrdi3.o)
                              C:\cygwin64\tmp\ccdHN23k.ltrans5.ltrans.o (__aeabi_lasr)
c:/users/chalpathi/desktop/arm/bin/../lib/gcc/arm-none-eabi/4.8.4/armv7-m\libgcc.a(_arm_addsubsf3.o)
                              C:\cygwin64\tmp\ccdHN23k.ltrans0.ltrans.o (__aeabi_fsub)
c:/users/chalpathi/desktop/arm/bin/../lib/gcc/arm-none-eabi/4.8.4/armv7-m\libgcc.a(_arm_muldivsf3.o)
                              C:\cygwin64\tmp\ccdHN23k.ltrans0.ltrans.o (__aeabi_fmul)
c:/users/chalpathi/desktop/arm/bin/../lib/gcc/arm-none-eabi/4.8.4/armv7-m\libgcc.a(_arm_cmpsf2.o)
                              C:\cygwin64\tmp\ccdHN23k.ltrans0.ltrans.o (__aeabi_fcmpeq)
c:/users/chalpathi/desktop/arm/bin/../lib/gcc/arm-none-eabi/4.8.4/armv7-m\libgcc.a(_arm_fixsfsi.o)
                              C:\cygwin64\tmp\ccdHN23k.ltrans0.ltrans.o (__aeabi_f2iz)
c:/users/chalpathi/desktop/arm/bin/../lib/gcc/arm-none-eabi/4.8.4/armv7-m\libgcc.a(_arm_fixunssfsi.o)
                              C:\cygwin64\tmp\ccdHN23k.ltrans0.ltrans.o (__aeabi_f2uiz)
c:/users/chalpathi/desktop/arm/bin/../lib/gcc/arm-none-eabi/4.8.4/armv7-m\libgcc.a(_aeabi_ldivmod.o)
                              C:\cygwin64\tmp\ccdHN23k.ltrans2.ltrans.o (__aeabi_ldivmod)
c:/users/chalpathi/desktop/arm/bin/../lib/gcc/arm-none-eabi/4.8.4/armv7-m\libgcc.a(_fixsfdi.o)
                              C:\cygwin64\tmp\ccdHN23k.ltrans5.ltrans.o (__aeabi_f2lz)
c:/users/chalpathi/desktop/arm/bin/../lib/gcc/arm-none-eabi/4.8.4/armv7-m\libgcc.a(_fixunssfdi.o)
                              c:/users/chalpathi/desktop/arm/bin/../lib/gcc/arm-none-eabi/4.8.4/armv7-m\libgcc.a(_fixsfdi.o) (__aeabi_f2ulz)
c:/users/chalpathi/desktop/arm/bin/../lib/gcc/arm-none-eabi/4.8.4/armv7-m\libgcc.a(bpabi.o)
                              c:/users/chalpathi/desktop/arm/bin/../lib/gcc/arm-none-eabi/4.8.4/armv7-m\libgcc.a(_aeabi_ldivmod.o) (__gnu_ldivmod_helper)
c:/users/chalpathi/desktop/arm/bin/../lib/gcc/arm-none-eabi/4.8.4/armv7-m\libgcc.a(_dvmd_tls.o)
                              c:/users/chalpathi/desktop/arm/bin/../lib/gcc/arm-none-eabi/4.8.4/armv7-m\libgcc.a(_aeabi_ldivmod.o) (__aeabi_ldiv0)
c:/users/chalpathi/desktop/arm/bin/../lib/gcc/arm-none-eabi/4.8.4/armv7-m\libgcc.a(_arm_addsubdf3.o)
                              c:/users/chalpathi/desktop/arm/bin/../lib/gcc/arm-none-eabi/4.8.4/armv7-m\libgcc.a(_fixunssfdi.o) (__aeabi_dsub)
c:/users/chalpathi/desktop/arm/bin/../lib/gcc/arm-none-eabi/4.8.4/armv7-m\libgcc.a(_arm_muldivdf3.o)
                              c:/users/chalpathi/desktop/arm/bin/../lib/gcc/arm-none-eabi/4.8.4/armv7-m\libgcc.a(_fixunssfdi.o) (__aeabi_dmul)
c:/users/chalpathi/desktop/arm/bin/../lib/gcc/arm-none-eabi/4.8.4/armv7-m\libgcc.a(_arm_fixunsdfsi.o)
                              c:/users/chalpathi/desktop/arm/bin/../lib/gcc/arm-none-eabi/4.8.4/armv7-m\libgcc.a(_fixunssfdi.o) (__aeabi_d2uiz)
c:/users/chalpathi/desktop/arm/bin/../lib/gcc/arm-none-eabi/4.8.4/armv7-m\libgcc.a(_divdi3.o)
                              c:/users/chalpathi/desktop/arm/bin/../lib/gcc/arm-none-eabi/4.8.4/armv7-m\libgcc.a(bpabi.o) (__divdi3)
c:/users/chalpathi/desktop/arm/bin/../lib/gcc/arm-none-eabi/4.8.4/armv7-m\libgcc.a(_udivdi3.o)
                              c:/users/chalpathi/desktop/arm/bin/../lib/gcc/arm-none-eabi/4.8.4/armv7-m\libgcc.a(bpabi.o) (__udivdi3)
c:/users/chalpathi/desktop/arm/bin/../lib/gcc/arm-none-eabi/4.8.4/../../../../arm-none-eabi/lib/armv7-m\libg_s.a(lib_a-memcpy-stub.o)
                              C:\cygwin64\tmp\ccdHN23k.ltrans7.ltrans.o (memcpy)
c:/users/chalpathi/desktop/arm/bin/../lib/gcc/arm-none-eabi/4.8.4/../../../../arm-none-eabi/lib/armv7-m\libg_s.a(lib_a-memset.o)
                              C:\cygwin64\tmp\ccdHN23k.ltrans1.ltrans.o (memset)
c:/users/chalpathi/desktop/arm/bin/../lib/gcc/arm-none-eabi/4.8.4/../../../../arm-none-eabi/lib/armv7-m\libg_s.a(lib_a-strchr.o)
                              C:\cygwin64\tmp\ccdHN23k.ltrans7.ltrans.o (strchr)
c:/users/chalpathi/desktop/arm/bin/../lib/gcc/arm-none-eabi/4.8.4/../../../../arm-none-eabi/lib/armv7-m\libg_s.a(lib_a-strlen.o)
                              C:\cygwin64\tmp\ccdHN23k.ltrans2.ltrans.o (strlen)
c:/users/chalpathi/desktop/arm/bin/../lib/gcc/arm-none-eabi/4.8.4/../../../../arm-none-eabi/lib/armv7-m\libm.a(lib_a-sf_lrint.o)
                              C:\cygwin64\tmp\ccdHN23k.ltrans0.ltrans.o (lrintf)
c:/users/chalpathi/desktop/arm/bin/../lib/gcc/arm-none-eabi/4.8.4/../../../../arm-none-eabi/lib/armv7-m\libm.a(lib_a-wf_acos.o)
                              C:\cygwin64\tmp\ccdHN23k.ltrans0.ltrans.o (acosf)
c:/users/chalpathi/desktop/arm/bin/../lib/gcc/arm-none-eabi/4.8.4/../../../../arm-none-eabi/lib/armv7-m\libm.a(lib_a-wf_atan2.o)
                              C:\cygwin64\tmp\ccdHN23k.ltrans0.ltrans.o (atan2f)
[...]
Memory Configuration

Name             Origin             Length             Attributes
FLASH            0x08000000         0x0000f800         xr
RAM              0x20000000         0x00005000         xrw
MEMORY_B1        0x60000000         0x00000000         xr
*default*        0x00000000         0xffffffff

Linker script and memory map

LOAD obj/main/CJMCU/startup_stm32f10x_md_gcc.o
LOAD obj/main/CJMCU/drivers/adc.o
LOAD C:\cygwin64\tmp\ccdHN23k.ltrans0.ltrans.o
LOAD C:\cygwin64\tmp\ccdHN23k.ltrans1.ltrans.o
LOAD C:\cygwin64\tmp\ccdHN23k.ltrans2.ltrans.o
LOAD C:\cygwin64\tmp\ccdHN23k.ltrans3.ltrans.o
LOAD C:\cygwin64\tmp\ccdHN23k.ltrans4.ltrans.o
LOAD C:\cygwin64\tmp\ccdHN23k.ltrans5.ltrans.o
LOAD C:\cygwin64\tmp\ccdHN23k.ltrans6.ltrans.o
LOAD C:\cygwin64\tmp\ccdHN23k.ltrans7.ltrans.o
LOAD C:\cygwin64\tmp\ccdHN23k.ltrans8.ltrans.o
LOAD C:\cygwin64\tmp\ccdHN23k.ltrans9.ltrans.o
LOAD C:\cygwin64\tmp\ccdHN23k.ltrans10.ltrans.o
LOAD C:\cygwin64\tmp\ccdHN23k.ltrans11.ltrans.o
LOAD C:\cygwin64\tmp\ccdHN23k.ltrans12.ltrans.o
LOAD c:/users/chalpathi/desktop/arm/bin/../lib/gcc/arm-none-eabi/4.8.4/armv7-m\libgcc.a
LOAD c:/users/chalpathi/desktop/arm/bin/../lib/gcc/arm-none-eabi/4.8.4/../../../../arm-none-eabi/lib/armv7-m\libg_s.a
LOAD c:/users/chalpathi/desktop/arm/bin/../lib/gcc/arm-none-eabi/4.8.4/../../../../arm-none-eabi/lib/armv7-m\libc_s.a
LOAD c:/users/chalpathi/desktop/arm/bin/../lib/gcc/arm-none-eabi/4.8.4/armv7-m\libgcc.a
LOAD c:/users/chalpathi/desktop/arm/bin/../lib/gcc/arm-none-eabi/4.8.4/../../../../arm-none-eabi/lib/armv7-m\libc_s.a
LOAD obj/main/CJMCU/drivers/adc_stm32f10x.o
LOAD obj/main/CJMCU/drivers/accgyro_mpu.o
LOAD obj/main/CJMCU/drivers/accgyro_mpu6050.o
LOAD obj/main/CJMCU/drivers/bus_i2c_stm32f10x.o
LOAD obj/main/CJMCU/drivers/compass_hmc5883l.o
LOAD obj/main/CJMCU/drivers/gpio_stm32f10x.o
LOAD obj/main/CJMCU/drivers/light_led_stm32f10x.o
LOAD obj/main/CJMCU/drivers/pwm_mapping.o
LOAD obj/main/CJMCU/drivers/pwm_output.o
LOAD obj/main/CJMCU/drivers/pwm_rx.o
LOAD obj/main/CJMCU/drivers/serial_uart.o
LOAD obj/main/CJMCU/drivers/serial_uart_stm32f10x.o
LOAD obj/main/CJMCU/drivers/sound_beeper_stm32f10x.o
LOAD obj/main/CJMCU/drivers/system_stm32f10x.o
LOAD obj/main/CJMCU/drivers/timer.o
LOAD obj/main/CJMCU/drivers/timer_stm32f10x.o
LOAD obj/main/CJMCU/hardware_revision.o
LOAD obj/main/CJMCU/drivers/barometer_ms5611.o
LOAD obj/main/CJMCU/sensors/barometer.o
LOAD obj/main/CJMCU/build_config.o
LOAD obj/main/CJMCU/debug.o
LOAD obj/main/CJMCU/version.o
LOAD obj/main/CJMCU/config/config.o
LOAD obj/main/CJMCU/config/runtime_config.o
LOAD obj/main/CJMCU/common/maths.o
LOAD obj/main/CJMCU/common/printf.o
LOAD obj/main/CJMCU/common/typeconversion.o
LOAD obj/main/CJMCU/common/encoding.o
LOAD obj/main/CJMCU/main.o
LOAD obj/main/CJMCU/mw.o
LOAD obj/main/CJMCU/flight/altitudehold.o
LOAD obj/main/CJMCU/flight/failsafe.o
LOAD obj/main/CJMCU/flight/pid.o
LOAD obj/main/CJMCU/flight/imu.o
LOAD obj/main/CJMCU/flight/mixer.o
LOAD obj/main/CJMCU/flight/lowpass.o
LOAD obj/main/CJMCU/flight/filter.o
LOAD obj/main/CJMCU/drivers/bus_i2c_soft.o
LOAD obj/main/CJMCU/drivers/serial.o
LOAD obj/main/CJMCU/drivers/sound_beeper.o
LOAD obj/main/CJMCU/drivers/system.o
LOAD obj/main/CJMCU/io/beeper.o
LOAD obj/main/CJMCU/io/rc_controls.o
LOAD obj/main/CJMCU/io/rc_curves.o
LOAD obj/main/CJMCU/io/serial.o
LOAD obj/main/CJMCU/io/serial_1wire.o
LOAD obj/main/CJMCU/io/serial_cli.o
LOAD obj/main/CJMCU/io/serial_msp.o
LOAD obj/main/CJMCU/io/statusindicator.o
LOAD obj/main/CJMCU/rx/rx.o
LOAD obj/main/CJMCU/rx/pwm.o
LOAD obj/main/CJMCU/rx/msp.o
LOAD obj/main/CJMCU/rx/sbus.o
LOAD obj/main/CJMCU/rx/sumd.o
LOAD obj/main/CJMCU/rx/sumh.o
LOAD obj/main/CJMCU/rx/spektrum.o
LOAD obj/main/CJMCU/rx/xbus.o
LOAD obj/main/CJMCU/sensors/acceleration.o
LOAD obj/main/CJMCU/sensors/battery.o
LOAD obj/main/CJMCU/sensors/boardalignment.o
LOAD obj/main/CJMCU/sensors/compass.o
LOAD obj/main/CJMCU/sensors/gyro.o
LOAD obj/main/CJMCU/sensors/initialisation.o
LOAD obj/main/CJMCU/core_cm3.o
LOAD obj/main/CJMCU/system_stm32f10x.o
LOAD obj/main/CJMCU/stm32f10x_gpio.o
LOAD obj/main/CJMCU/stm32f10x_fsmc.o
LOAD obj/main/CJMCU/stm32f10x_exti.o
LOAD obj/main/CJMCU/stm32f10x_bkp.o
LOAD obj/main/CJMCU/stm32f10x_spi.o
LOAD obj/main/CJMCU/stm32f10x_adc.o
LOAD obj/main/CJMCU/stm32f10x_iwdg.o
LOAD obj/main/CJMCU/misc.o
LOAD obj/main/CJMCU/stm32f10x_wwdg.o
LOAD obj/main/CJMCU/stm32f10x_tim.o
LOAD obj/main/CJMCU/stm32f10x_usart.o
LOAD obj/main/CJMCU/stm32f10x_flash.o
LOAD obj/main/CJMCU/stm32f10x_rcc.o
LOAD obj/main/CJMCU/stm32f10x_sdio.o
LOAD obj/main/CJMCU/stm32f10x_i2c.o
LOAD obj/main/CJMCU/stm32f10x_pwr.o
LOAD obj/main/CJMCU/stm32f10x_rtc.o
LOAD obj/main/CJMCU/stm32f10x_dac.o
LOAD obj/main/CJMCU/stm32f10x_dbgmcu.o
LOAD obj/main/CJMCU/stm32f10x_dma.o
LOAD c:/users/chalpathi/desktop/arm/bin/../lib/gcc/arm-none-eabi/4.8.4/../../../../arm-none-eabi/lib/armv7-m\libm.a
LOAD c:/users/chalpathi/desktop/arm/bin/../lib/gcc/arm-none-eabi/4.8.4/../../../../arm-none-eabi/lib/armv7-m\libc_s.a
LOAD c:/users/chalpathi/desktop/arm/bin/../lib/gcc/arm-none-eabi/4.8.4/../../../../arm-none-eabi/lib/armv7-m\libnosys.a
START GROUP
LOAD c:/users/chalpathi/desktop/arm/bin/../lib/gcc/arm-none-eabi/4.8.4/armv7-m\libgcc.a
LOAD c:/users/chalpathi/desktop/arm/bin/../lib/gcc/arm-none-eabi/4.8.4/../../../../arm-none-eabi/lib/armv7-m\libg_s.a
LOAD c:/users/chalpathi/desktop/arm/bin/../lib/gcc/arm-none-eabi/4.8.4/../../../../arm-none-eabi/lib/armv7-m\libc_s.a
END GROUP
START GROUP
LOAD c:/users/chalpathi/desktop/arm/bin/../lib/gcc/arm-none-eabi/4.8.4/armv7-m\libgcc.a
LOAD c:/users/chalpathi/desktop/arm/bin/../lib/gcc/arm-none-eabi/4.8.4/../../../../arm-none-eabi/lib/armv7-m\libc_s.a
END GROUP
                0x20005000                _estack = (ORIGIN (RAM) + 0x5000)
                0x00000000                _Min_Heap_Size = 0x0
                0x00000400                _Min_Stack_Size = 0x400

.isr_vector     0x08000000      0x10c
                0x08000000                . = ALIGN (0x4)
                0x08000000                PROVIDE (isr_vector_table_base, .)
 *(.isr_vector)
 .isr_vector    0x08000000      0x10c obj/main/CJMCU/startup_stm32f10x_md_gcc.o
                0x08000000                g_pfnVectors
                0x0800010c                . = ALIGN (0x4)

.text           0x08000110     0xdb24
                0x08000110                . = ALIGN (0x4)
 *(.text)
 .text          0x08000110     0x1524 C:\cygwin64\tmp\ccdHN23k.ltrans1.ltrans.o
                0x08000110                init
 .text          0x08001634     0x1998 C:\cygwin64\tmp\ccdHN23k.ltrans2.ltrans.o
                0x08001634                annexCode
 .text          0x08002fcc     0x10b4 C:\cygwin64\tmp\ccdHN23k.ltrans3.ltrans.o
                0x08002fcc                processRx
 .text          0x08004080     0x1434 C:\cygwin64\tmp\ccdHN23k.ltrans4.ltrans.o
                0x08004144                xBusReadRawRC.10657
                0x0800415c                spektrumReadRawRC.10512
                0x08004184                sumhReadRawRC.10396
                0x08004198                sumdReadRawRC.10288
                0x080041a8                sbusReadRawRC.10156
                0x080041d4                rxMspReadRawRC.10093
                0x080041e0                pwmReadRawRC.10070
                0x080041ec                ppmReadRawRC.10058
                0x080041f8                nullReadRawRC.9845
                0x080041fc                ms5611_calculate.5895
                0x080043a4                uartRead
                0x080043d4                uartTotalRxBytesWaiting
                0x080043f6                isUartTransmitBufferEmpty
                0x0800440c                uartTotalTxBytesFree
                0x08004434                ppmEdgeCallback.5035
                0x08004510                pwmOverflowCallback.5023
                0x08004538                ppmOverflowCallback.5031
                0x08004548                pwmWriteStandard.4766
                0x08004558                pwmWriteBrushed.4762
                0x0800457c                mpuGyroRead
                0x080045c4                mpuAccRead
                0x0800460c                DMA_Init
                0x08004648                DMA_DeInit
                0x08004738                RCC_GetClocksFreq
                0x080047cc                FLASH_WaitForLastOperation
                0x080047ee                pwmICConfig
                0x080049e8                pwmEdgeCallback.5027
                0x08004a40                alignSensors
                0x08004b88                batteryAdcToVoltage
                0x08004bb4                beeperSilence
                0x08004be0                beeper
                0x08004c24                mwDisarm
                0x08004c3c                beeperConfirmationBeeps
                0x08004c74                enableFlightMode
                0x08004c94                disableFlightMode
                0x08004cb4                serialize8.9582
                0x08004cd8                headSerialResponse.9594
                0x08004d14                headSerialReply.9598
                0x08004d1a                serialize16.9588
                0x08004d2c                serialize32.9591
                0x08004d3e                read8.9557
                0x08004d54                read16.9559
                0x08004d68                findNextSerialPortConfig
                0x08004da8                findSerialPortConfig
                0x08004db8                generateThrottleCurve
                0x08004e40                generatePitchRollCurve
                0x08004e74                activateControlRateConfig
                0x08004eb8                micros
                0x08004ef0                xBusDataReceive.10650
                0x08004fbc                spektrumDataReceive.10506
                0x08005008                sumhDataReceive.10393
                0x08005054                sumdDataReceive.10282
                0x08005104                sbusDataReceive.10153
                0x08005158                delayMicroseconds
                0x0800516e                delay
                0x08005182                extiHandler.8577
                0x0800519c                filterApplyPt1
                0x08005208                pidSetController
                0x08005250                pidResetErrorAngle
                0x0800526c                applyDeadband
                0x0800528a                sin_approx
                0x08005370                featureClear
                0x08005380                timCCxHandler.5581
                0x08005406                lookupTimerIndex.5571
                0x08005440                gpioInit
 .text          0x080054b4      0x9b0 C:\cygwin64\tmp\ccdHN23k.ltrans5.ltrans.o
                0x080054b4                timerChConfigCallbacks
                0x0800555c                i2c_ev_handler.4335
                0x08005808                updateBatteryVoltage.10886
                0x08005a24                uartStartTxDMA
                0x08005a56                NVIC_Init.part.0.12318.constprop.92
                0x08005a94                configTimeBase
                0x08005b3c                pwmOutConfig.4833
                0x08005dd8                resetSerialConfig.constprop.58
                0x08005e0c                isModeActivationConditionPresent.constprop.51
                0x08005e2a                suspendRxSignal
                0x08005e5c                headSerialError.9601.constprop.10
 .text          0x08005e64      0xe7c C:\cygwin64\tmp\ccdHN23k.ltrans6.ltrans.o
                0x08005e64                pidMultiWiiHybrid.8010
                0x08006170                pidMultiWii23.8017
                0x08006428                pidHarakiri.8024
                0x08006a18                isRangeActive.part.0.8817
                0x08006a60                failsafeActivate.7819
                0x08006a9c                resumeRxSignal
                0x08006acc                mwArm
                0x08006b38                uartReconfigure.5191
                0x08006c38                uartSetMode
                0x08006c3c                uartSetBaudRate
                0x08006c40                writeMotors
 .text          0x08006ce0      0xe34 C:\cygwin64\tmp\ccdHN23k.ltrans7.ltrans.o
                0x08006ce0                _putc.6614
                0x08006cf4                pidLuxFloat.8031
                0x08007040                pidRewrite.8038
                0x08007294                readEEPROM
                0x080075bc                saveConfigAndNotify
                0x080075d0                resetConf.6385
                0x080079cc                usartIrqCallback
                0x08007a32                imuCalculateHeading
 .text          0x08007b14      0x8c0 C:\cygwin64\tmp\ccdHN23k.ltrans8.ltrans.o
                0x08007b14                uartWrite
                0x08007b90                mpu6050AccInit.4260
                0x08007bbc                mpu6050GyroInit.4262
                0x08007c4c                pidMultiWii.7938
                0x08007ed8                timerConfigure.constprop.72
                0x08007f30                buildRotationMatrix
                0x08008030                rotateV
                0x080080d6                isEEPROMContentValid.6321
                0x0800811c                failureMode
                0x080081ac                writeEEPROM
                0x080082f4                stopMotors
                0x08008340                getRxfailValue.9877
                0x08008398                calculateThrottleStatus
 .text          0x080083d4      0x620 C:\cygwin64\tmp\ccdHN23k.ltrans9.ltrans.o
                0x080083d4                i2cInit
                0x080085e4                i2cWrite
                0x08008664                ms5611_start_up.5908
                0x0800866c                ms5611_start_ut.5910
                0x08008674                mpuWriteRegisterI2C.4176
                0x0800867e                i2cRead
                0x08008720                ms5611_get_ut.5903
                0x08008730                ms5611_get_up.5901
                0x08008740                hmc5883lRead
                0x080087b8                hmc5883lInit
                0x08008958                mpuReadRegisterI2C.4180
                0x0800896c                i2c_er_handler.4346
 .text          0x080089f4      0x38c C:\cygwin64\tmp\ccdHN23k.ltrans10.ltrans.o
                0x08008c8c                openSerialPort
                0x08008ce8                spektrumInit.constprop.32
 .text          0x08008d80       0xb4 C:\cygwin64\tmp\ccdHN23k.ltrans11.ltrans.o
                0x08008d80                TIM4_IRQHandler
                0x08008d90                TIM3_IRQHandler
                0x08008da0                TIM2_IRQHandler
                0x08008db0                TIM1_UP_IRQHandler
                0x08008dc0                TIM1_CC_IRQHandler
                0x08008dd0                USART2_IRQHandler
                0x08008ddc                USART1_IRQHandler
                0x08008de8                DMA1_Channel4_IRQHandler
                0x08008e24                I2C2_ER_IRQHandler
                0x08008e28                I2C1_ER_IRQHandler
                0x08008e2c                I2C2_EV_IRQHandler
                0x08008e30                I2C1_EV_IRQHandler
 .text          0x08008e34       0x84 C:\cygwin64\tmp\ccdHN23k.ltrans12.ltrans.o
                0x08008e34                SystemInit
                0x08008e80                SysTick_Handler
                0x08008e90                EXTI3_IRQHandler
                0x08008e96                EXTI15_10_IRQHandler
                0x08008e9c                HardFault_Handler
 .text          0x08008eb8       0x1c c:/users/chalpathi/desktop/arm/bin/../lib/gcc/arm-none-eabi/4.8.4/armv7-m\libgcc.a(_ashrdi3.o)
                0x08008eb8                __aeabi_lasr
                0x08008eb8                __ashrdi3
 .text          0x08008ed4      0x21c c:/users/chalpathi/desktop/arm/bin/../lib/gcc/arm-none-eabi/4.8.4/armv7-m\libgcc.a(_arm_addsubsf3.o)
                0x08008ed4                __aeabi_frsub
                0x08008edc                __subsf3
                0x08008edc                __aeabi_fsub
                0x08008ee0                __aeabi_fadd
                0x08008ee0                __addsf3
                0x08009040                __aeabi_ui2f
                0x08009040                __floatunsisf
                0x08009048                __aeabi_i2f
                0x08009048                __floatsisf
                0x08009064                __aeabi_ul2f
                0x08009064                __floatundisf
                0x08009074                __aeabi_l2f
                0x08009074                __floatdisf
 .text          0x080090f0      0x2a0 c:/users/chalpathi/desktop/arm/bin/../lib/gcc/arm-none-eabi/4.8.4/armv7-m\libgcc.a(_arm_muldivsf3.o)
                0x080090f0                __mulsf3
                0x080090f0                __aeabi_fmul
                0x08009258                __aeabi_fdiv
                0x08009258                __divsf3
 .text          0x08009390       0xec c:/users/chalpathi/desktop/arm/bin/../lib/gcc/arm-none-eabi/4.8.4/armv7-m\libgcc.a(_arm_cmpsf2.o)
                0x08009390                __gesf2
                0x08009390                __gtsf2
                0x08009398                __lesf2
                0x08009398                __ltsf2
                0x080093a0                __nesf2
                0x080093a0                __eqsf2
                0x080093a0                __cmpsf2
                0x08009400                __aeabi_cfrcmple
                0x08009408                __aeabi_cfcmpeq
                0x08009408                __aeabi_cfcmple
                0x08009418                __aeabi_fcmpeq
                0x0800942c                __aeabi_fcmplt
                0x08009440                __aeabi_fcmple
                0x08009454                __aeabi_fcmpge
                0x08009468                __aeabi_fcmpgt
 .text          0x0800947c       0x4c c:/users/chalpathi/desktop/arm/bin/../lib/gcc/arm-none-eabi/4.8.4/armv7-m\libgcc.a(_arm_fixsfsi.o)
                0x0800947c                __aeabi_f2iz
                0x0800947c                __fixsfsi
 .text          0x080094c8       0x40 c:/users/chalpathi/desktop/arm/bin/../lib/gcc/arm-none-eabi/4.8.4/armv7-m\libgcc.a(_arm_fixunssfsi.o)
                0x080094c8                __fixunssfsi
                0x080094c8                __aeabi_f2uiz
 .text          0x08009508       0x38 c:/users/chalpathi/desktop/arm/bin/../lib/gcc/arm-none-eabi/4.8.4/armv7-m\libgcc.a(_aeabi_ldivmod.o)
                0x08009508                __aeabi_ldivmod
 .text          0x08009540       0x28 c:/users/chalpathi/desktop/arm/bin/../lib/gcc/arm-none-eabi/4.8.4/armv7-m\libgcc.a(_fixsfdi.o)
                0x08009540                __fixsfdi
                0x08009540                __aeabi_f2lz
 .text          0x08009568       0x48 c:/users/chalpathi/desktop/arm/bin/../lib/gcc/arm-none-eabi/4.8.4/armv7-m\libgcc.a(_fixunssfdi.o)
                0x08009568                __fixunssfdi
                0x08009568                __aeabi_f2ulz
 .text          0x080095b0       0x60 c:/users/chalpathi/desktop/arm/bin/../lib/gcc/arm-none-eabi/4.8.4/armv7-m\libgcc.a(bpabi.o)
                0x080095b0                __gnu_ldivmod_helper
                0x080095e0                __gnu_uldivmod_helper
 .text          0x08009610        0x4 c:/users/chalpathi/desktop/arm/bin/../lib/gcc/arm-none-eabi/4.8.4/armv7-m\libgcc.a(_dvmd_tls.o)
                0x08009610                __aeabi_idiv0
                0x08009610                __aeabi_ldiv0
 .text          0x08009614      0x370 c:/users/chalpathi/desktop/arm/bin/../lib/gcc/arm-none-eabi/4.8.4/armv7-m\libgcc.a(_arm_addsubdf3.o)
                0x08009614                __aeabi_drsub
                0x0800961c                __aeabi_dsub
                0x0800961c                __subdf3
                0x08009620                __aeabi_dadd
                0x08009620                __adddf3
                0x08009898                __floatunsidf
                0x08009898                __aeabi_ui2d
                0x080098b8                __floatsidf
                0x080098b8                __aeabi_i2d
                0x080098dc                __aeabi_f2d
                0x080098dc                __extendsfdf2
                0x08009918                __floatundidf
                0x08009918                __aeabi_ul2d
                0x08009928                __floatdidf
                0x08009928                __aeabi_l2d
 .text          0x08009984      0x424 c:/users/chalpathi/desktop/arm/bin/../lib/gcc/arm-none-eabi/4.8.4/armv7-m\libgcc.a(_arm_muldivdf3.o)
                0x08009984                __aeabi_dmul
                0x08009984                __muldf3
                0x08009bd8                __divdf3
                0x08009bd8                __aeabi_ddiv
 .text          0x08009da8       0x40 c:/users/chalpathi/desktop/arm/bin/../lib/gcc/arm-none-eabi/4.8.4/armv7-m\libgcc.a(_arm_fixunsdfsi.o)
                0x08009da8                __aeabi_d2uiz
                0x08009da8                __fixunsdfsi
 .text          0x08009de8      0x2a0 c:/users/chalpathi/desktop/arm/bin/../lib/gcc/arm-none-eabi/4.8.4/armv7-m\libgcc.a(_divdi3.o)
                0x08009de8                __divdi3
 .text          0x0800a088      0x290 c:/users/chalpathi/desktop/arm/bin/../lib/gcc/arm-none-eabi/4.8.4/armv7-m\libgcc.a(_udivdi3.o)
                0x0800a088                __udivdi3
 .text          0x0800a318      0x110 c:/users/chalpathi/desktop/arm/bin/../lib/gcc/arm-none-eabi/4.8.4/armv7-m\libgcc.a(_arm_cmpdf2.o)
                0x0800a318                __gtdf2
                0x0800a318                __gedf2
                0x0800a320                __ltdf2
                0x0800a320                __ledf2
                0x0800a328                __nedf2
                0x0800a328                __eqdf2
                0x0800a328                __cmpdf2
                0x0800a3a4                __aeabi_cdrcmple
                0x0800a3b4                __aeabi_cdcmpeq
                0x0800a3b4                __aeabi_cdcmple
                0x0800a3c4                __aeabi_dcmpeq
                0x0800a3d8                __aeabi_dcmplt
                0x0800a3ec                __aeabi_dcmple
                0x0800a400                __aeabi_dcmpge
                0x0800a414                __aeabi_dcmpgt
 .text          0x0800a428       0xa0 c:/users/chalpathi/desktop/arm/bin/../lib/gcc/arm-none-eabi/4.8.4/armv7-m\libgcc.a(_arm_truncdfsf2.o)
                0x0800a428                __truncdfsf2
                0x0800a428                __aeabi_d2f
 *(.text*)
 .text.Reset_Handler
                0x0800a4c8       0xac obj/main/CJMCU/startup_stm32f10x_md_gcc.o
                0x0800a4c8                Reset_Handler
 .text.Default_Handler
                0x0800a574        0x4 obj/main/CJMCU/startup_stm32f10x_md_gcc.o
                0x0800a574                EXTI2_IRQHandler
                0x0800a574                DebugMon_Handler
                0x0800a574                PVD_IRQHandler
                0x0800a574                PendSV_Handler
                0x0800a574                NMI_Handler
                0x0800a574                EXTI0_IRQHandler
                0x0800a574                UsageFault_Handler
                0x0800a574                ADC1_2_IRQHandler
                0x0800a574                SPI1_IRQHandler
                0x0800a574                TAMPER_IRQHandler
                0x0800a574                USART3_IRQHandler
                0x0800a574                RTC_IRQHandler
                0x0800a574                DMA1_Channel7_IRQHandler
                0x0800a574                CAN1_RX1_IRQHandler
                0x0800a574                DMA1_Channel6_IRQHandler
                0x0800a574                RCC_IRQHandler
                0x0800a574                TIM1_TRG_COM_IRQHandler
                0x0800a574                DMA1_Channel1_IRQHandler
                0x0800a574                Default_Handler
                0x0800a574                EXTI9_5_IRQHandler
                0x0800a574                SPI2_IRQHandler
                0x0800a574                MemManage_Handler
                0x0800a574                SVC_Handler
                0x0800a574                DMA1_Channel5_IRQHandler
                0x0800a574                EXTI4_IRQHandler
                0x0800a574                USB_LP_CAN1_RX0_IRQHandler
                0x0800a574                USB_HP_CAN1_TX_IRQHandler
                0x0800a574                DMA1_Channel3_IRQHandler
                0x0800a574                WWDG_IRQHandler
                0x0800a574                TIM1_BRK_IRQHandler
                0x0800a574                EXTI1_IRQHandler
                0x0800a574                RTCAlarm_IRQHandler
                0x0800a574                DMA1_Channel2_IRQHandler
                0x0800a574                CAN1_SCE_IRQHandler
                0x0800a574                FLASH_IRQHandler
                0x0800a574                BusFault_Handler
                0x0800a574                USBWakeUp_IRQHandler
 .text.startup  0x0800a578     0x1b80 C:\cygwin64\tmp\ccdHN23k.ltrans0.ltrans.o
                0x0800a578                main
 .text.memcpy   0x0800c0f8       0x12 c:/users/chalpathi/desktop/arm/bin/../lib/gcc/arm-none-eabi/4.8.4/../../../../arm-none-eabi/lib/armv7-m\libg_s.a(lib_a-memcpy-stub.o)
                0x0800c0f8                memcpy
 .text.memset   0x0800c10a       0x10 c:/users/chalpathi/desktop/arm/bin/../lib/gcc/arm-none-eabi/4.8.4/../../../../arm-none-eabi/lib/armv7-m\libg_s.a(lib_a-memset.o)
                0x0800c10a                memset
 .text.strchr   0x0800c11a       0x1a c:/users/chalpathi/desktop/arm/bin/../lib/gcc/arm-none-eabi/4.8.4/../../../../arm-none-eabi/lib/armv7-m\libg_s.a(lib_a-strchr.o)
                0x0800c11a                strchr
 .text.strlen   0x0800c134       0x10 c:/users/chalpathi/desktop/arm/bin/../lib/gcc/arm-none-eabi/4.8.4/../../../../arm-none-eabi/lib/armv7-m\libg_s.a(lib_a-strlen.o)
                0x0800c134                strlen
 .text.lrintf   0x0800c144       0x7c c:/users/chalpathi/desktop/arm/bin/../lib/gcc/arm-none-eabi/4.8.4/../../../../arm-none-eabi/lib/armv7-m\libm.a(lib_a-sf_lrint.o)
                0x0800c144                lrintf
 .text.acosf    0x0800c1c0       0xa0 c:/users/chalpathi/desktop/arm/bin/../lib/gcc/arm-none-eabi/4.8.4/../../../../arm-none-eabi/lib/armv7-m\libm.a(lib_a-wf_acos.o)
                0x0800c1c0                acosf
 .text.atan2f   0x0800c260        0x4 c:/users/chalpathi/desktop/arm/bin/../lib/gcc/arm-none-eabi/4.8.4/../../../../arm-none-eabi/lib/armv7-m\libm.a(lib_a-wf_atan2.o)
                0x0800c260                atan2f
 .text.powf     0x0800c264      0x310 c:/users/chalpathi/desktop/arm/bin/../lib/gcc/arm-none-eabi/4.8.4/../../../../arm-none-eabi/lib/armv7-m\libm.a(lib_a-wf_pow.o)
                0x0800c264                powf
 .text.sqrtf    0x0800c574       0x9c c:/users/chalpathi/desktop/arm/bin/../lib/gcc/arm-none-eabi/4.8.4/../../../../arm-none-eabi/lib/armv7-m\libm.a(lib_a-wf_sqrt.o)
                0x0800c574                sqrtf
 .text.__ieee754_acosf
                0x0800c610      0x2d0 c:/users/chalpathi/desktop/arm/bin/../lib/gcc/arm-none-eabi/4.8.4/../../../../arm-none-eabi/lib/armv7-m\libm.a(lib_a-ef_acos.o)
                0x0800c610                __ieee754_acosf
 .text.__ieee754_atan2f
                0x0800c8e0      0x120 c:/users/chalpathi/desktop/arm/bin/../lib/gcc/arm-none-eabi/4.8.4/../../../../arm-none-eabi/lib/armv7-m\libm.a(lib_a-ef_atan2.o)
                0x0800c8e0                __ieee754_atan2f
 .text.__ieee754_powf
                0x0800ca00      0x6f8 c:/users/chalpathi/desktop/arm/bin/../lib/gcc/arm-none-eabi/4.8.4/../../../../arm-none-eabi/lib/armv7-m\libm.a(lib_a-ef_pow.o)
                0x0800ca00                __ieee754_powf
 .text.__ieee754_sqrtf
                0x0800d0f8       0xa8 c:/users/chalpathi/desktop/arm/bin/../lib/gcc/arm-none-eabi/4.8.4/../../../../arm-none-eabi/lib/armv7-m\libm.a(lib_a-ef_sqrt.o)
                0x0800d0f8                __ieee754_sqrtf
 .text.matherr  0x0800d1a0        0x4 c:/users/chalpathi/desktop/arm/bin/../lib/gcc/arm-none-eabi/4.8.4/../../../../arm-none-eabi/lib/armv7-m\libm.a(lib_a-s_matherr.o)
                0x0800d1a0                matherr
 .text.nan      0x0800d1a4        0xc c:/users/chalpathi/desktop/arm/bin/../lib/gcc/arm-none-eabi/4.8.4/../../../../arm-none-eabi/lib/armv7-m\libm.a(lib_a-s_nan.o)
                0x0800d1a4                nan
 .text.rint     0x0800d1b0      0x118 c:/users/chalpathi/desktop/arm/bin/../lib/gcc/arm-none-eabi/4.8.4/../../../../arm-none-eabi/lib/armv7-m\libm.a(lib_a-s_rint.o)
                0x0800d1b0                rint
 .text.atanf    0x0800d2c8      0x22c c:/users/chalpathi/desktop/arm/bin/../lib/gcc/arm-none-eabi/4.8.4/../../../../arm-none-eabi/lib/armv7-m\libm.a(lib_a-sf_atan.o)
                0x0800d2c8                atanf
 .text.fabsf    0x0800d4f4        0x8 c:/users/chalpathi/desktop/arm/bin/../lib/gcc/arm-none-eabi/4.8.4/../../../../arm-none-eabi/lib/armv7-m\libm.a(lib_a-sf_fabs.o)
                0x0800d4f4                fabsf
 .text.finitef  0x0800d4fc       0x10 c:/users/chalpathi/desktop/arm/bin/../lib/gcc/arm-none-eabi/4.8.4/../../../../arm-none-eabi/lib/armv7-m\libm.a(lib_a-sf_finite.o)
                0x0800d4fc                finitef
 .text.__fpclassifyf
                0x0800d50c       0x34 c:/users/chalpathi/desktop/arm/bin/../lib/gcc/arm-none-eabi/4.8.4/../../../../arm-none-eabi/lib/armv7-m\libm.a(lib_a-sf_fpclassify.o)
                0x0800d50c                __fpclassifyf
 .text.nanf     0x0800d540        0x8 c:/users/chalpathi/desktop/arm/bin/../lib/gcc/arm-none-eabi/4.8.4/../../../../arm-none-eabi/lib/armv7-m\libm.a(lib_a-sf_nan.o)
                0x0800d540                nanf
 .text.scalbnf  0x0800d548       0xb4 c:/users/chalpathi/desktop/arm/bin/../lib/gcc/arm-none-eabi/4.8.4/../../../../arm-none-eabi/lib/armv7-m\libm.a(lib_a-sf_scalbn.o)
                0x0800d548                scalbnf
 .text.copysignf
                0x0800d5fc        0xc c:/users/chalpathi/desktop/arm/bin/../lib/gcc/arm-none-eabi/4.8.4/../../../../arm-none-eabi/lib/armv7-m\libm.a(lib_a-sf_copysign.o)
                0x0800d5fc                copysignf
 .text.__errno  0x0800d608        0xc c:/users/chalpathi/desktop/arm/bin/../lib/gcc/arm-none-eabi/4.8.4/../../../../arm-none-eabi/lib/armv7-m\libc_s.a(lib_a-errno.o)
                0x0800d608                __errno
 *(.rodata)
 .rodata        0x0800d614       0xc4 C:\cygwin64\tmp\ccdHN23k.ltrans1.ltrans.o
 .rodata        0x0800d6d8      0x180 C:\cygwin64\tmp\ccdHN23k.ltrans2.ltrans.o
 .rodata        0x0800d858       0x3c C:\cygwin64\tmp\ccdHN23k.ltrans3.ltrans.o
 .rodata        0x0800d894       0xf0 C:\cygwin64\tmp\ccdHN23k.ltrans4.ltrans.o
 .rodata        0x0800d984       0x28 C:\cygwin64\tmp\ccdHN23k.ltrans9.ltrans.o
 .rodata        0x0800d9ac       0x1c C:\cygwin64\tmp\ccdHN23k.ltrans10.ltrans.o
 *(.rodata*)
 .rodata.timerHardware
                0x0800d9c8       0xe0 C:\cygwin64\tmp\ccdHN23k.ltrans1.ltrans.o
 .rodata.str1.1
                0x0800daa8       0xff C:\cygwin64\tmp\ccdHN23k.ltrans2.ltrans.o
 .rodata.str1.1
                0x0800dba7        0x9 C:\cygwin64\tmp\ccdHN23k.ltrans7.ltrans.o
 .rodata.rcChannelLetters
                0x0800dbb0       0x15 C:\cygwin64\tmp\ccdHN23k.ltrans7.ltrans.o
 *fill*         0x0800dbc5        0x3 
 .rodata.TWO23  0x0800dbc8        0x8 c:/users/chalpathi/desktop/arm/bin/../lib/gcc/arm-none-eabi/4.8.4/../../../../arm-none-eabi/lib/armv7-m\libm.a(lib_a-sf_lrint.o)
 .rodata.str1.4
                0x0800dbd0        0x6 c:/users/chalpathi/desktop/arm/bin/../lib/gcc/arm-none-eabi/4.8.4/../../../../arm-none-eabi/lib/armv7-m\libm.a(lib_a-wf_acos.o)
                                  0xc (size before relaxing)
 *fill*         0x0800dbd6        0x2 
 .rodata.str1.4
                0x0800dbd8        0x5 c:/users/chalpathi/desktop/arm/bin/../lib/gcc/arm-none-eabi/4.8.4/../../../../arm-none-eabi/lib/armv7-m\libm.a(lib_a-wf_pow.o)
                                  0x8 (size before relaxing)
 *fill*         0x0800dbdd        0x3 
 .rodata.str1.4
                0x0800dbe0        0x8 c:/users/chalpathi/desktop/arm/bin/../lib/gcc/arm-none-eabi/4.8.4/../../../../arm-none-eabi/lib/armv7-m\libm.a(lib_a-wf_sqrt.o)
 .rodata.dp_h   0x0800dbe8        0x8 c:/users/chalpathi/desktop/arm/bin/../lib/gcc/arm-none-eabi/4.8.4/../../../../arm-none-eabi/lib/armv7-m\libm.a(lib_a-ef_pow.o)
 .rodata.dp_l   0x0800dbf0        0x8 c:/users/chalpathi/desktop/arm/bin/../lib/gcc/arm-none-eabi/4.8.4/../../../../arm-none-eabi/lib/armv7-m\libm.a(lib_a-ef_pow.o)
 .rodata.bp     0x0800dbf8        0x8 c:/users/chalpathi/desktop/arm/bin/../lib/gcc/arm-none-eabi/4.8.4/../../../../arm-none-eabi/lib/armv7-m\libm.a(lib_a-ef_pow.o)
 .rodata.str1.4
                0x00000000        0x4 c:/users/chalpathi/desktop/arm/bin/../lib/gcc/arm-none-eabi/4.8.4/../../../../arm-none-eabi/lib/armv7-m\libm.a(lib_a-ef_pow.o)
 .rodata.TWO52  0x0800dc00       0x10 c:/users/chalpathi/desktop/arm/bin/../lib/gcc/arm-none-eabi/4.8.4/../../../../arm-none-eabi/lib/armv7-m\libm.a(lib_a-s_rint.o)
 .rodata.atanlo
                0x0800dc10       0x10 c:/users/chalpathi/desktop/arm/bin/../lib/gcc/arm-none-eabi/4.8.4/../../../../arm-none-eabi/lib/armv7-m\libm.a(lib_a-sf_atan.o)
 .rodata.atanhi
                0x0800dc20       0x10 c:/users/chalpathi/desktop/arm/bin/../lib/gcc/arm-none-eabi/4.8.4/../../../../arm-none-eabi/lib/armv7-m\libm.a(lib_a-sf_atan.o)
 .rodata.str1.1
                0x0800dc30        0x2 c:/users/chalpathi/desktop/arm/bin/../lib/gcc/arm-none-eabi/4.8.4/../../../../arm-none-eabi/lib/armv7-m\libc_s.a(lib_a-impure.o)
 *(.glue_7)
 .glue_7        0x00000000        0x0 linker stubs
 *(.glue_7t)
 .glue_7t       0x00000000        0x0 linker stubs
 *(.eh_frame)
 *(.init)
 *(.fini)
                0x0800dc34                . = ALIGN (0x4)
 *fill*         0x0800dc32        0x2 
                0x0800dc34                _etext = .

.vfp11_veneer   0x0800dc34        0x0
 .vfp11_veneer  0x00000000        0x0 linker stubs

.v4_bx          0x0800dc34        0x0
 .v4_bx         0x00000000        0x0 linker stubs

.iplt           0x0800dc34        0x0
 .iplt          0x00000000        0x0 obj/main/CJMCU/startup_stm32f10x_md_gcc.o

.ARM.extab
 *(.ARM.extab* .gnu.linkonce.armextab.*)

.ARM            0x0800dc34        0x8
                0x0800dc34                __exidx_start = .
 *(.ARM.exidx*)
 .ARM.exidx     0x0800dc34        0x8 c:/users/chalpathi/desktop/arm/bin/../lib/gcc/arm-none-eabi/4.8.4/armv7-m\libgcc.a(_divdi3.o)
 .ARM.exidx     0x0800dc3c        0x0 c:/users/chalpathi/desktop/arm/bin/../lib/gcc/arm-none-eabi/4.8.4/armv7-m\libgcc.a(_udivdi3.o)
                                  0x8 (size before relaxing)
                0x0800dc3c                __exidx_end = .

.rel.dyn        0x0800dc3c        0x0
 .rel.iplt      0x00000000        0x0 obj/main/CJMCU/startup_stm32f10x_md_gcc.o

.preinit_array  0x0800dc3c        0x0
                0x0800dc3c                PROVIDE (__preinit_array_start, .)
 *(.preinit_array*)
                0x0800dc3c                PROVIDE (__preinit_array_end, .)

.init_array     0x0800dc3c        0x0
                0x0800dc3c                PROVIDE (__init_array_start, .)
 *(SORT(.init_array.*))
 *(.init_array*)
                0x0800dc3c                PROVIDE (__init_array_end, .)

.fini_array     0x0800dc3c        0x0
                0x0800dc3c                PROVIDE (__fini_array_start, .)
 *(.fini_array*)
 *(SORT(.fini_array.*))
                0x0800dc3c                PROVIDE (__fini_array_end, .)
                0x0800dc3c                _sidata = .

.data           0x20000000       0xac load address 0x0800dc3c
                0x20000000                . = ALIGN (0x4)
                0x20000000                _sdata = .
 *(.data)
 .data          0x20000000       0x1c C:\cygwin64\tmp\ccdHN23k.ltrans0.ltrans.o
                0x20000000                rxIsInFailsafeMode.10019
                0x20000001                rxIsInFailsafeModeNotDataDriven.10018
                0x2000000a                acc_1G
                0x20000018                isUsingSticksToArm.9000
 .data          0x2000001c        0xc C:\cygwin64\tmp\ccdHN23k.ltrans1.ltrans.o
                0x2000001c                hse_value
                0x20000020                standardBoardAlignment.11030
                0x20000024                rcReadRawFunc.10003
 .data          0x20000028        0xc C:\cygwin64\tmp\ccdHN23k.ltrans9.ltrans.o
 *(.data*)
 .data.pid_controller
                0x20000034        0x4 C:\cygwin64\tmp\ccdHN23k.ltrans0.ltrans.o
                0x20000034                pid_controller
 .data.detectedSensors
                0x20000038        0x4 C:\cygwin64\tmp\ccdHN23k.ltrans1.ltrans.o
 .data.batteryCellCount
                0x2000003c        0x1 C:\cygwin64\tmp\ccdHN23k.ltrans1.ltrans.o
                0x2000003c                batteryCellCount
 *fill*         0x2000003d        0x3 
 .data.SystemCoreClock
                0x20000040        0x4 C:\cygwin64\tmp\ccdHN23k.ltrans1.ltrans.o
                0x20000040                SystemCoreClock
 .data.__fdlib_version
                0x20000044        0x1 c:/users/chalpathi/desktop/arm/bin/../lib/gcc/arm-none-eabi/4.8.4/../../../../arm-none-eabi/lib/armv7-m\libm.a(lib_a-s_lib_ver.o)
                0x20000044                __fdlib_version
 *fill*         0x20000045        0x3 
 .data.impure_data
                0x20000048       0x60 c:/users/chalpathi/desktop/arm/bin/../lib/gcc/arm-none-eabi/4.8.4/../../../../arm-none-eabi/lib/armv7-m\libc_s.a(lib_a-impure.o)
 .data._impure_ptr
                0x200000a8        0x4 c:/users/chalpathi/desktop/arm/bin/../lib/gcc/arm-none-eabi/4.8.4/../../../../arm-none-eabi/lib/armv7-m\libc_s.a(lib_a-impure.o)
                0x200000a8                _impure_ptr
                0x200000ac                . = ALIGN (0x4)
                0x200000ac                _edata = .

.igot.plt       0x200000ac        0x0 load address 0x0800dce8
 .igot.plt      0x00000000        0x0 obj/main/CJMCU/startup_stm32f10x_md_gcc.o
                0x200000ac                . = ALIGN (0x4)

.bss            0x200000b0     0x183c load address 0x0800dce8
                0x200000b0                _sbss = .
                0x200000b0                __bss_start__ = _sbss
 *(.bss)
 .bss           0x200000b0      0xae4 C:\cygwin64\tmp\ccdHN23k.ltrans0.ltrans.o
                0x200000b0                rxSignalReceived.10007
                0x200000b8                rxSignalReceivedNotDataDriven.10009
                0x200000bc                activeFeaturesLatch.6452
                0x200000c4                rxConfig.10005
                0x200000c8                rcFrameComplete.10615
                0x200000c9                spek_chan_shift.10618
                0x200000cc                rxRuntimeConfigPtr.10619
                0x200000d0                spek_chan_mask.10620
                0x200000d1                spekFrame.10614
                0x200000e4                spekChannelData.10617
                0x20000114                sbusFrameDone.10261
                0x20000118                sbusChannelData.10232
                0x20000160                sbusFrame.10235
                0x20000179                sumdFrameDone.10368
                0x2000017a                sumdChannelCount.10369
                0x2000017c                crc.10364
                0x2000017e                sumd.10370
                0x200001a4                sumdChannels.10365
                0x200001c4                sumhFrameDone.10477
                0x200001c5                sumhFrame.10476
                0x200001dc                sumhChannels.10472
                0x200001fc                xBusFrameReceived.10750
                0x200001fd                rxMspFrameDone.10134
                0x200001fe                ppmFrameCount.5118
                0x20000200                captures.5117
                0x20000218                inclination
                0x2000021c                accSmooth
                0x20000222                flightModeFlags
                0x20000224                rxUpdateAt.10031
                0x2000022a                rcData
                0x20000250                rcModeActivationMask
                0x20000254                vario
                0x20000260                enabledSensors.6491
                0x20000268                EstAlt.7780
                0x2000027c                rcCommand
                0x2000028c                mag
                0x20000294                magADC
                0x2000029a                stateFlags
                0x200002a0                masterConfig
                0x200007c0                magInit.11064
                0x200007cc                baro
                0x200007f4                barometerConfig.5995
                0x200008f8                accVelScale
                0x20000900                barometerConfig.7788
                0x2000090c                pidProfile.7787
                0x20000918                currentProfile
                0x2000091c                gyro
                0x2000092c                gyroADC
                0x20000932                gyroAlign
                0x20000934                gyroConfig.11159
                0x20000988                acc
                0x2000099a                calibratingA
                0x2000099c                accelerationTrims.10831
                0x200009ac                InflightcalibratingA
                0x200009c4                AccInflightCalibrationActive
                0x200009c5                AccInflightCalibrationMeasurementDone
                0x200009c6                AccInflightCalibrationSavetoEEProm
                0x200009cc                gyroScaleRad
                0x200009d0                imuRuntimeConfig.8238
                0x200009ec                smallAngle
                0x200009f0                anglerad
                0x20000a04                heading
                0x20000a10                fc_acc
                0x20000a14                accDeadband.8240
                0x20000a18                cycleTime
                0x20000a1c                previousTime
                0x20000a2c                rxRefreshRate.10027
                0x20000a48                magHold
                0x20000a4c                rcControlsConfig.7774
                0x20000a54                escAndServoConfig.7782
                0x20000a58                throttleAngleScale
                0x20000a5c                currentControlRateProfile
                0x20000a60                motorCount
                0x20000a64                mixerConfig.8390
                0x20000a68                axisPID
                0x20000a70                currentMixer.8396
                0x20000b30                motor
                0x20000b48                failsafeState.7902
                0x20000b6c                escAndServoConfig.8389
                0x20000b70                rxConfig.8392
                0x20000b74                flight3DConfig.8388
                0x20000b78                motorControlEnable
                0x20000b7a                motor_disarmed
 .bss           0x20000b94      0x338 C:\cygwin64\tmp\ccdHN23k.ltrans1.ltrans.o
                0x20000ba0                usTicks.8641
                0x20000ba4                extiHandlerConfigs.8640
                0x20000bc0                serialConfig.9234
                0x20000bc4                serialPortCount.9235
                0x20000bc8                serialPortUsageList.9232
                0x20000be8                inputFilteringMode.5121
                0x20000bec                ppmDev
                0x20000d14                motors.4915
                0x20000d44                adcConfig
                0x20000d54                adcValues
                0x20000d5c                boardRotation.11028
                0x20000d80                mpuDetectionResult
                0x20000d84                mpuConfiguration
                0x20000d90                mpuIntExtiConfig.4253
                0x20000d94                ms5611_c.5936
                0x20000da4                hmc5883Config.4546
                0x20000da8                magneticDeclination
                0x20000dac                activeBoxIds.9683
                0x20000dc7                activeBoxIdCount.9687
                0x20000dc8                mspPorts.9682
                0x20000e60                rxConfig.7921
                0x20000e64                deadband3dThrottle.7925
                0x20000e66                rcSampleIndex.10010
                0x20000e68                rcInvalidPulsPeriod
                0x20000eb0                rxRuntimeConfig
                0x20000eb8                xBusDataIncoming.10751
                0x20000eb9                xBusFramePosition.10752
                0x20000eba                xBusFrameLength.10753
                0x20000ebb                xBusChannelCount.10749
                0x20000ebc                xBusProvider.10754
                0x20000ec0                batteryConfig
                0x20000ec4                batteryState.10964
                0x20000ec6                batteryWarningVoltage
                0x20000ec8                batteryCriticalVoltage
 *fill*         0x20000ecc        0x4 
 .bss           0x20000ed0       0xc0 C:\cygwin64\tmp\ccdHN23k.ltrans2.ltrans.o
                0x20000ed0                lookupPitchRollRC
                0x20000ede                lookupYawRC
                0x20000eec                dynP8
                0x20000ef2                dynD8
                0x20000ef5                PIDweight
                0x20000ef8                lookupThrottleRC
                0x20000f10                headFreeModeHold
                0x20000f18                vbat
                0x20000f1a                vbatLatestADC
                0x20000f3c                currentBeeperEntry.8759
                0x20000f40                beeperNextToggleTime.8755
                0x20000f44                beeperIsOn.8754
                0x20000f46                beeperPos.8756
                0x20000f48                warningLedState.9828
                0x20000f50                currentPort.9684
                0x20000f54                mspSerialPort.9686
                0x20000f58                barometerConfig_tmp
                0x20000f5c                i2cErrorCount.4461
                0x20000f5e                rssi
                0x20000f60                mspFrame.10133
                0x20000f84                escAndServoConfig.9009
                0x20000f88                pidProfile.9010
 .bss           0x20000f90      0x104 C:\cygwin64\tmp\ccdHN23k.ltrans3.ltrans.o
                0x20000f90                skipRxSamples.10029
                0x20000f94                suspendRxSignalUntil.10028
                0x2000103c                failsafeConfig.7901
                0x20001040                errorGyroI.8071
                0x2000104c                errorGyroIf.8089
                0x20001058                disarmAt.7608
                0x20001060                adjustmentStates
                0x20001091                currentControlRateProfileIndex.6449
 .bss           0x20001094       0x88 C:\cygwin64\tmp\ccdHN23k.ltrans4.ltrans.o
 *fill*         0x2000111c        0x4 
 .bss           0x20001120      0x158 C:\cygwin64\tmp\ccdHN23k.ltrans5.ltrans.o
 .bss           0x20001278       0x40 C:\cygwin64\tmp\ccdHN23k.ltrans6.ltrans.o
                0x200012a0                errorAngleIf.8088
 .bss           0x200012b8       0x7c C:\cygwin64\tmp\ccdHN23k.ltrans7.ltrans.o
                0x200012bc                PTermState.8073
                0x200012ec                DTermState.8077
 .bss           0x20001334       0x2c C:\cygwin64\tmp\ccdHN23k.ltrans8.ltrans.o
                0x20001338                errorAngleI.8069
 .bss           0x20001360       0x20 C:\cygwin64\tmp\ccdHN23k.ltrans9.ltrans.o
                0x20001360                I2Cx.4435
                0x20001365                addr.4443
                0x20001366                reg.4441
                0x20001367                writing.4446
                0x20001368                reading.4439
                0x2000136c                write_p.4447
                0x20001370                read_p.4445
                0x20001374                bytes.4442
                0x20001375                busy.4448
                0x20001378                ms5611_ut.5937
                0x2000137c                ms5611_up.5938
 .bss           0x20001380      0x401 C:\cygwin64\tmp\ccdHN23k.ltrans10.ltrans.o
                0x20001780                spekHiRes.10616
 *fill*         0x20001781        0x3 
 .bss           0x20001784      0x148 C:\cygwin64\tmp\ccdHN23k.ltrans11.ltrans.o
                0x20001784                timerConfig
                0x20001824                uartPort2.5409
                0x20001878                uartPort1.5408
 .bss           0x200018cc        0x8 C:\cygwin64\tmp\ccdHN23k.ltrans12.ltrans.o
                0x200018cc                sysTickUptime.8642
                0x200018d0                systemState.7131
 *(SORT(.bss*))
 .bss.currentTime
                0x200018d4        0x4 C:\cygwin64\tmp\ccdHN23k.ltrans0.ltrans.o
                0x200018d4                currentTime
 .bss.accTimeSum
                0x200018d8        0x4 C:\cygwin64\tmp\ccdHN23k.ltrans0.ltrans.o
 .bss.setVelocity
                0x200018dc        0x4 C:\cygwin64\tmp\ccdHN23k.ltrans0.ltrans.o
 .bss.calibratingB
                0x200018e0        0x2 C:\cygwin64\tmp\ccdHN23k.ltrans0.ltrans.o
                0x200018e0                calibratingB
 .bss.calibratingG
                0x200018e2        0x2 C:\cygwin64\tmp\ccdHN23k.ltrans0.ltrans.o
                0x200018e2                calibratingG
 .bss.accAlign  0x200018e4        0x1 C:\cygwin64\tmp\ccdHN23k.ltrans0.ltrans.o
                0x200018e4                accAlign
 .bss.magAlign  0x200018e5        0x1 C:\cygwin64\tmp\ccdHN23k.ltrans0.ltrans.o
                0x200018e5                magAlign
 .bss.armingFlags
                0x200018e6        0x1 C:\cygwin64\tmp\ccdHN23k.ltrans0.ltrans.o
                0x200018e6                armingFlags
 .bss.hardwareRevision
                0x200018e7        0x1 C:\cygwin64\tmp\ccdHN23k.ltrans1.ltrans.o
 .bss.cliMode   0x200018e8        0x1 C:\cygwin64\tmp\ccdHN23k.ltrans3.ltrans.o
 *(COMMON)
                0x200018ec                . = ALIGN (0x4)
 *fill*         0x200018e9        0x3 
                0x200018ec                _ebss = .
                0x200018ec                __bss_end__ = _ebss

._user_heap_stack
                0x200018ec      0x400 load address 0x0800dce8
                0x200018ec                . = ALIGN (0x4)
                0x200018ec                PROVIDE (end, .)
                0x200018ec                PROVIDE (_end, .)
                0x200018ec                . = (. + _Min_Heap_Size)
                0x20001cec                . = (. + _Min_Stack_Size)
 *fill*         0x200018ec      0x400 
                0x20001cec                . = ALIGN (0x4)

.memory_b1_text
 *(.mb1text)
 *(.mb1text*)
 *(.mb1rodata)
 *(.mb1rodata*)

/DISCARD/
 libc.a(*)
 libm.a(*)
 libgcc.a(*)

.ARM.attributes
                0x00000000       0x2f
 *(.ARM.attributes)
 .ARM.attributes
                0x00000000       0x21 obj/main/CJMCU/startup_stm32f10x_md_gcc.o
 .ARM.attributes
                0x00000021       0x31 C:\cygwin64\tmp\ccdHN23k.ltrans0.ltrans.o
 .ARM.attributes
                0x00000052       0x31 C:\cygwin64\tmp\ccdHN23k.ltrans1.ltrans.o
 .ARM.attributes
                0x00000083       0x31 C:\cygwin64\tmp\ccdHN23k.ltrans2.ltrans.o
 .ARM.attributes
                0x000000b4       0x31 C:\cygwin64\tmp\ccdHN23k.ltrans3.ltrans.o
 .ARM.attributes
                0x000000e5       0x31 C:\cygwin64\tmp\ccdHN23k.ltrans4.ltrans.o
 .ARM.attributes
                0x00000116       0x31 C:\cygwin64\tmp\ccdHN23k.ltrans5.ltrans.o
 .ARM.attributes
                0x00000147       0x31 C:\cygwin64\tmp\ccdHN23k.ltrans6.ltrans.o
 .ARM.attributes
                0x00000178       0x31 C:\cygwin64\tmp\ccdHN23k.ltrans7.ltrans.o
 .ARM.attributes
                0x000001a9       0x31 C:\cygwin64\tmp\ccdHN23k.ltrans8.ltrans.o
 .ARM.attributes
                0x000001da       0x31 C:\cygwin64\tmp\ccdHN23k.ltrans9.ltrans.o
 .ARM.attributes
                0x0000020b       0x31 C:\cygwin64\tmp\ccdHN23k.ltrans10.ltrans.o
 .ARM.attributes
                0x0000023c       0x31 C:\cygwin64\tmp\ccdHN23k.ltrans11.ltrans.o
 .ARM.attributes
                0x0000026d       0x31 C:\cygwin64\tmp\ccdHN23k.ltrans12.ltrans.o
 .ARM.attributes
                0x0000029e       0x1d c:/users/chalpathi/desktop/arm/bin/../lib/gcc/arm-none-eabi/4.8.4/armv7-m\libgcc.a(_ashrdi3.o)
 .ARM.attributes
                0x000002bb       0x1d c:/users/chalpathi/desktop/arm/bin/../lib/gcc/arm-none-eabi/4.8.4/armv7-m\libgcc.a(_arm_addsubsf3.o)
 .ARM.attributes
                0x000002d8       0x1d c:/users/chalpathi/desktop/arm/bin/../lib/gcc/arm-none-eabi/4.8.4/armv7-m\libgcc.a(_arm_muldivsf3.o)
 .ARM.attributes
                0x000002f5       0x1d c:/users/chalpathi/desktop/arm/bin/../lib/gcc/arm-none-eabi/4.8.4/armv7-m\libgcc.a(_arm_cmpsf2.o)
 .ARM.attributes
                0x00000312       0x1d c:/users/chalpathi/desktop/arm/bin/../lib/gcc/arm-none-eabi/4.8.4/armv7-m\libgcc.a(_arm_fixsfsi.o)
 .ARM.attributes
                0x0000032f       0x1d c:/users/chalpathi/desktop/arm/bin/../lib/gcc/arm-none-eabi/4.8.4/armv7-m\libgcc.a(_arm_fixunssfsi.o)
 .ARM.attributes
                0x0000034c       0x1d c:/users/chalpathi/desktop/arm/bin/../lib/gcc/arm-none-eabi/4.8.4/armv7-m\libgcc.a(_aeabi_ldivmod.o)
 .ARM.attributes
                0x00000369       0x2d c:/users/chalpathi/desktop/arm/bin/../lib/gcc/arm-none-eabi/4.8.4/armv7-m\libgcc.a(_fixsfdi.o)
 .ARM.attributes
                0x00000396       0x2d c:/users/chalpathi/desktop/arm/bin/../lib/gcc/arm-none-eabi/4.8.4/armv7-m\libgcc.a(_fixunssfdi.o)
 .ARM.attributes
                0x000003c3       0x2d c:/users/chalpathi/desktop/arm/bin/../lib/gcc/arm-none-eabi/4.8.4/armv7-m\libgcc.a(bpabi.o)
 .ARM.attributes
                0x000003f0       0x1d c:/users/chalpathi/desktop/arm/bin/../lib/gcc/arm-none-eabi/4.8.4/armv7-m\libgcc.a(_dvmd_tls.o)
 .ARM.attributes
                0x0000040d       0x1d c:/users/chalpathi/desktop/arm/bin/../lib/gcc/arm-none-eabi/4.8.4/armv7-m\libgcc.a(_arm_addsubdf3.o)
 .ARM.attributes
                0x0000042a       0x1d c:/users/chalpathi/desktop/arm/bin/../lib/gcc/arm-none-eabi/4.8.4/armv7-m\libgcc.a(_arm_muldivdf3.o)
 .ARM.attributes
                0x00000447       0x1d c:/users/chalpathi/desktop/arm/bin/../lib/gcc/arm-none-eabi/4.8.4/armv7-m\libgcc.a(_arm_fixunsdfsi.o)
 .ARM.attributes
                0x00000464       0x2d c:/users/chalpathi/desktop/arm/bin/../lib/gcc/arm-none-eabi/4.8.4/armv7-m\libgcc.a(_divdi3.o)
 .ARM.attributes
                0x00000491       0x2d c:/users/chalpathi/desktop/arm/bin/../lib/gcc/arm-none-eabi/4.8.4/armv7-m\libgcc.a(_udivdi3.o)
 .ARM.attributes
                0x000004be       0x2d c:/users/chalpathi/desktop/arm/bin/../lib/gcc/arm-none-eabi/4.8.4/../../../../arm-none-eabi/lib/armv7-m\libg_s.a(lib_a-memcpy-stub.o)
 .ARM.attributes
                0x000004eb       0x2d c:/users/chalpathi/desktop/arm/bin/../lib/gcc/arm-none-eabi/4.8.4/../../../../arm-none-eabi/lib/armv7-m\libg_s.a(lib_a-memset.o)
 .ARM.attributes
                0x00000518       0x2d c:/users/chalpathi/desktop/arm/bin/../lib/gcc/arm-none-eabi/4.8.4/../../../../arm-none-eabi/lib/armv7-m\libg_s.a(lib_a-strchr.o)
 .ARM.attributes
                0x00000545       0x2d c:/users/chalpathi/desktop/arm/bin/../lib/gcc/arm-none-eabi/4.8.4/../../../../arm-none-eabi/lib/armv7-m\libg_s.a(lib_a-strlen.o)
 .ARM.attributes
                0x00000572       0x2d c:/users/chalpathi/desktop/arm/bin/../lib/gcc/arm-none-eabi/4.8.4/../../../../arm-none-eabi/lib/armv7-m\libm.a(lib_a-sf_lrint.o)
 .ARM.attributes
                0x0000059f       0x2d c:/users/chalpathi/desktop/arm/bin/../lib/gcc/arm-none-eabi/4.8.4/../../../../arm-none-eabi/lib/armv7-m\libm.a(lib_a-wf_acos.o)
 .ARM.attributes
                0x000005cc       0x2d c:/users/chalpathi/desktop/arm/bin/../lib/gcc/arm-none-eabi/4.8.4/../../../../arm-none-eabi/lib/armv7-m\libm.a(lib_a-wf_atan2.o)
 .ARM.attributes
                0x000005f9       0x2d c:/users/chalpathi/desktop/arm/bin/../lib/gcc/arm-none-eabi/4.8.4/../../../../arm-none-eabi/lib/armv7-m\libm.a(lib_a-wf_pow.o)
 .ARM.attributes
                0x00000626       0x2d c:/users/chalpathi/desktop/arm/bin/../lib/gcc/arm-none-eabi/4.8.4/../../../../arm-none-eabi/lib/armv7-m\libm.a(lib_a-wf_sqrt.o)
 .ARM.attributes
                0x00000653       0x2d c:/users/chalpathi/desktop/arm/bin/../lib/gcc/arm-none-eabi/4.8.4/../../../../arm-none-eabi/lib/armv7-m\libm.a(lib_a-ef_acos.o)
 .ARM.attributes
                0x00000680       0x2d c:/users/chalpathi/desktop/arm/bin/../lib/gcc/arm-none-eabi/4.8.4/../../../../arm-none-eabi/lib/armv7-m\libm.a(lib_a-ef_atan2.o)
 .ARM.attributes
                0x000006ad       0x2d c:/users/chalpathi/desktop/arm/bin/../lib/gcc/arm-none-eabi/4.8.4/../../../../arm-none-eabi/lib/armv7-m\libm.a(lib_a-ef_pow.o)
 .ARM.attributes
                0x000006da       0x2d c:/users/chalpathi/desktop/arm/bin/../lib/gcc/arm-none-eabi/4.8.4/../../../../arm-none-eabi/lib/armv7-m\libm.a(lib_a-ef_sqrt.o)
 .ARM.attributes
                0x00000707       0x2d c:/users/chalpathi/desktop/arm/bin/../lib/gcc/arm-none-eabi/4.8.4/../../../../arm-none-eabi/lib/armv7-m\libm.a(lib_a-s_lib_ver.o)
 .ARM.attributes
                0x00000734       0x2d c:/users/chalpathi/desktop/arm/bin/../lib/gcc/arm-none-eabi/4.8.4/../../../../arm-none-eabi/lib/armv7-m\libm.a(lib_a-s_matherr.o)
 .ARM.attributes
                0x00000761       0x2d c:/users/chalpathi/desktop/arm/bin/../lib/gcc/arm-none-eabi/4.8.4/../../../../arm-none-eabi/lib/armv7-m\libm.a(lib_a-s_nan.o)
 .ARM.attributes
                0x0000078e       0x2d c:/users/chalpathi/desktop/arm/bin/../lib/gcc/arm-none-eabi/4.8.4/../../../../arm-none-eabi/lib/armv7-m\libm.a(lib_a-s_rint.o)
 .ARM.attributes
                0x000007bb       0x2d c:/users/chalpathi/desktop/arm/bin/../lib/gcc/arm-none-eabi/4.8.4/../../../../arm-none-eabi/lib/armv7-m\libm.a(lib_a-sf_atan.o)
 .ARM.attributes
                0x000007e8       0x2d c:/users/chalpathi/desktop/arm/bin/../lib/gcc/arm-none-eabi/4.8.4/../../../../arm-none-eabi/lib/armv7-m\libm.a(lib_a-sf_fabs.o)
 .ARM.attributes
                0x00000815       0x2d c:/users/chalpathi/desktop/arm/bin/../lib/gcc/arm-none-eabi/4.8.4/../../../../arm-none-eabi/lib/armv7-m\libm.a(lib_a-sf_finite.o)
 .ARM.attributes
                0x00000842       0x2d c:/users/chalpathi/desktop/arm/bin/../lib/gcc/arm-none-eabi/4.8.4/../../../../arm-none-eabi/lib/armv7-m\libm.a(lib_a-sf_fpclassify.o)
 .ARM.attributes
                0x0000086f       0x2d c:/users/chalpathi/desktop/arm/bin/../lib/gcc/arm-none-eabi/4.8.4/../../../../arm-none-eabi/lib/armv7-m\libm.a(lib_a-sf_nan.o)
 .ARM.attributes
                0x0000089c       0x2d c:/users/chalpathi/desktop/arm/bin/../lib/gcc/arm-none-eabi/4.8.4/../../../../arm-none-eabi/lib/armv7-m\libm.a(lib_a-sf_scalbn.o)
 .ARM.attributes
                0x000008c9       0x2d c:/users/chalpathi/desktop/arm/bin/../lib/gcc/arm-none-eabi/4.8.4/../../../../arm-none-eabi/lib/armv7-m\libm.a(lib_a-sf_copysign.o)
 .ARM.attributes
                0x000008f6       0x2d c:/users/chalpathi/desktop/arm/bin/../lib/gcc/arm-none-eabi/4.8.4/../../../../arm-none-eabi/lib/armv7-m\libc_s.a(lib_a-errno.o)
 .ARM.attributes
                0x00000923       0x2d c:/users/chalpathi/desktop/arm/bin/../lib/gcc/arm-none-eabi/4.8.4/../../../../arm-none-eabi/lib/armv7-m\libc_s.a(lib_a-impure.o)
 .ARM.attributes
                0x00000950       0x1d c:/users/chalpathi/desktop/arm/bin/../lib/gcc/arm-none-eabi/4.8.4/armv7-m\libgcc.a(_arm_cmpdf2.o)
 .ARM.attributes
                0x0000096d       0x1d c:/users/chalpathi/desktop/arm/bin/../lib/gcc/arm-none-eabi/4.8.4/armv7-m\libgcc.a(_arm_truncdfsf2.o)
OUTPUT(obj/main/cleanflight_CJMCU.elf elf32-littlearm)

.debug_info     0x00000000    0x1f532
 .debug_info    0x00000000     0x47bd C:\cygwin64\tmp\ccdHN23k.ltrans0.ltrans.o
 .debug_info    0x000047bd     0x5939 C:\cygwin64\tmp\ccdHN23k.ltrans1.ltrans.o
 .debug_info    0x0000a0f6     0x3056 C:\cygwin64\tmp\ccdHN23k.ltrans2.ltrans.o
 .debug_info    0x0000d14c     0x221d C:\cygwin64\tmp\ccdHN23k.ltrans3.ltrans.o
 .debug_info    0x0000f369     0x34a2 C:\cygwin64\tmp\ccdHN23k.ltrans4.ltrans.o
 .debug_info    0x0001280b     0x2343 C:\cygwin64\tmp\ccdHN23k.ltrans5.ltrans.o
 .debug_info    0x00014b4e     0x1c88 C:\cygwin64\tmp\ccdHN23k.ltrans6.ltrans.o
 .debug_info    0x000167d6     0x2779 C:\cygwin64\tmp\ccdHN23k.ltrans7.ltrans.o
 .debug_info    0x00018f4f     0x2be8 C:\cygwin64\tmp\ccdHN23k.ltrans8.ltrans.o
 .debug_info    0x0001bb37     0x1641 C:\cygwin64\tmp\ccdHN23k.ltrans9.ltrans.o
 .debug_info    0x0001d178     0x15f0 C:\cygwin64\tmp\ccdHN23k.ltrans10.ltrans.o
 .debug_info    0x0001e768      0xb2b C:\cygwin64\tmp\ccdHN23k.ltrans11.ltrans.o
 .debug_info    0x0001f293      0x29f C:\cygwin64\tmp\ccdHN23k.ltrans12.ltrans.o

.debug_abbrev   0x00000000     0x3a74
 .debug_abbrev  0x00000000      0x574 C:\cygwin64\tmp\ccdHN23k.ltrans0.ltrans.o
 .debug_abbrev  0x00000574      0x581 C:\cygwin64\tmp\ccdHN23k.ltrans1.ltrans.o
 .debug_abbrev  0x00000af5      0x4ee C:\cygwin64\tmp\ccdHN23k.ltrans2.ltrans.o
 .debug_abbrev  0x00000fe3      0x3f8 C:\cygwin64\tmp\ccdHN23k.ltrans3.ltrans.o
 .debug_abbrev  0x000013db      0x63e C:\cygwin64\tmp\ccdHN23k.ltrans4.ltrans.o
 .debug_abbrev  0x00001a19      0x4cd C:\cygwin64\tmp\ccdHN23k.ltrans5.ltrans.o
 .debug_abbrev  0x00001ee6      0x535 C:\cygwin64\tmp\ccdHN23k.ltrans6.ltrans.o
 .debug_abbrev  0x0000241b      0x590 C:\cygwin64\tmp\ccdHN23k.ltrans7.ltrans.o
 .debug_abbrev  0x000029ab      0x5bd C:\cygwin64\tmp\ccdHN23k.ltrans8.ltrans.o
 .debug_abbrev  0x00002f68      0x483 C:\cygwin64\tmp\ccdHN23k.ltrans9.ltrans.o
 .debug_abbrev  0x000033eb      0x347 C:\cygwin64\tmp\ccdHN23k.ltrans10.ltrans.o
 .debug_abbrev  0x00003732      0x22a C:\cygwin64\tmp\ccdHN23k.ltrans11.ltrans.o
 .debug_abbrev  0x0000395c      0x118 C:\cygwin64\tmp\ccdHN23k.ltrans12.ltrans.o

.debug_loc      0x00000000     0xd116
 .debug_loc     0x00000000     0x1a7a C:\cygwin64\tmp\ccdHN23k.ltrans0.ltrans.o
 .debug_loc     0x00001a7a     0x212d C:\cygwin64\tmp\ccdHN23k.ltrans1.ltrans.o
 .debug_loc     0x00003ba7     0x13e0 C:\cygwin64\tmp\ccdHN23k.ltrans2.ltrans.o
 .debug_loc     0x00004f87      0xfed C:\cygwin64\tmp\ccdHN23k.ltrans3.ltrans.o
 .debug_loc     0x00005f74     0x1d3e C:\cygwin64\tmp\ccdHN23k.ltrans4.ltrans.o
 .debug_loc     0x00007cb2      0xf11 C:\cygwin64\tmp\ccdHN23k.ltrans5.ltrans.o
 .debug_loc     0x00008bc3     0x13be C:\cygwin64\tmp\ccdHN23k.ltrans6.ltrans.o
 .debug_loc     0x00009f81      0xde9 C:\cygwin64\tmp\ccdHN23k.ltrans7.ltrans.o
 .debug_loc     0x0000ad6a      0xe3f C:\cygwin64\tmp\ccdHN23k.ltrans8.ltrans.o
 .debug_loc     0x0000bba9      0xd15 C:\cygwin64\tmp\ccdHN23k.ltrans9.ltrans.o
 .debug_loc     0x0000c8be      0x845 C:\cygwin64\tmp\ccdHN23k.ltrans10.ltrans.o
 .debug_loc     0x0000d103       0x13 C:\cygwin64\tmp\ccdHN23k.ltrans11.ltrans.o

.debug_aranges  0x00000000      0x1a8
 .debug_aranges
                0x00000000       0x20 C:\cygwin64\tmp\ccdHN23k.ltrans0.ltrans.o
 .debug_aranges
                0x00000020       0x20 C:\cygwin64\tmp\ccdHN23k.ltrans1.ltrans.o
 .debug_aranges
                0x00000040       0x20 C:\cygwin64\tmp\ccdHN23k.ltrans2.ltrans.o
 .debug_aranges
                0x00000060       0x20 C:\cygwin64\tmp\ccdHN23k.ltrans3.ltrans.o
 .debug_aranges
                0x00000080       0x28 C:\cygwin64\tmp\ccdHN23k.ltrans4.ltrans.o
 .debug_aranges
                0x000000a8       0x20 C:\cygwin64\tmp\ccdHN23k.ltrans5.ltrans.o
 .debug_aranges
                0x000000c8       0x20 C:\cygwin64\tmp\ccdHN23k.ltrans6.ltrans.o
 .debug_aranges
                0x000000e8       0x20 C:\cygwin64\tmp\ccdHN23k.ltrans7.ltrans.o
 .debug_aranges
                0x00000108       0x20 C:\cygwin64\tmp\ccdHN23k.ltrans8.ltrans.o
 .debug_aranges
                0x00000128       0x20 C:\cygwin64\tmp\ccdHN23k.ltrans9.ltrans.o
 .debug_aranges
                0x00000148       0x20 C:\cygwin64\tmp\ccdHN23k.ltrans10.ltrans.o
 .debug_aranges
                0x00000168       0x20 C:\cygwin64\tmp\ccdHN23k.ltrans11.ltrans.o
 .debug_aranges
                0x00000188       0x20 C:\cygwin64\tmp\ccdHN23k.ltrans12.ltrans.o

.debug_ranges   0x00000000     0x26a8
 .debug_ranges  0x00000000      0x4b8 C:\cygwin64\tmp\ccdHN23k.ltrans0.ltrans.o
 .debug_ranges  0x000004b8      0xa30 C:\cygwin64\tmp\ccdHN23k.ltrans1.ltrans.o
 .debug_ranges  0x00000ee8      0x7a0 C:\cygwin64\tmp\ccdHN23k.ltrans2.ltrans.o
 .debug_ranges  0x00001688      0x638 C:\cygwin64\tmp\ccdHN23k.ltrans3.ltrans.o
 .debug_ranges  0x00001cc0       0x90 C:\cygwin64\tmp\ccdHN23k.ltrans4.ltrans.o
 .debug_ranges  0x00001d50       0xa0 C:\cygwin64\tmp\ccdHN23k.ltrans5.ltrans.o
 .debug_ranges  0x00001df0      0x130 C:\cygwin64\tmp\ccdHN23k.ltrans6.ltrans.o
 .debug_ranges  0x00001f20      0x3a8 C:\cygwin64\tmp\ccdHN23k.ltrans7.ltrans.o
 .debug_ranges  0x000022c8      0x160 C:\cygwin64\tmp\ccdHN23k.ltrans8.ltrans.o
 .debug_ranges  0x00002428      0x198 C:\cygwin64\tmp\ccdHN23k.ltrans9.ltrans.o
 .debug_ranges  0x000025c0       0xe8 C:\cygwin64\tmp\ccdHN23k.ltrans10.ltrans.o

.debug_line     0x00000000     0x6580
 .debug_line    0x00000000      0xb23 C:\cygwin64\tmp\ccdHN23k.ltrans0.ltrans.o
 .debug_line    0x00000b23     0x10d0 C:\cygwin64\tmp\ccdHN23k.ltrans1.ltrans.o
 .debug_line    0x00001bf3      0xb10 C:\cygwin64\tmp\ccdHN23k.ltrans2.ltrans.o
 .debug_line    0x00002703      0x851 C:\cygwin64\tmp\ccdHN23k.ltrans3.ltrans.o
 .debug_line    0x00002f54      0x9c7 C:\cygwin64\tmp\ccdHN23k.ltrans4.ltrans.o
 .debug_line    0x0000391b      0x749 C:\cygwin64\tmp\ccdHN23k.ltrans5.ltrans.o
 .debug_line    0x00004064      0x7a6 C:\cygwin64\tmp\ccdHN23k.ltrans6.ltrans.o
 .debug_line    0x0000480a      0x93b C:\cygwin64\tmp\ccdHN23k.ltrans7.ltrans.o
 .debug_line    0x00005145      0x771 C:\cygwin64\tmp\ccdHN23k.ltrans8.ltrans.o
 .debug_line    0x000058b6      0x51d C:\cygwin64\tmp\ccdHN23k.ltrans9.ltrans.o
 .debug_line    0x00005dd3      0x423 C:\cygwin64\tmp\ccdHN23k.ltrans10.ltrans.o
 .debug_line    0x000061f6      0x20a C:\cygwin64\tmp\ccdHN23k.ltrans11.ltrans.o
 .debug_line    0x00006400      0x180 C:\cygwin64\tmp\ccdHN23k.ltrans12.ltrans.o

.debug_str      0x00000000     0x9073
 .debug_str     0x00000000     0x2cdf C:\cygwin64\tmp\ccdHN23k.ltrans0.ltrans.o
                               0x2e1f (size before relaxing)
 .debug_str     0x00002cdf     0x2844 C:\cygwin64\tmp\ccdHN23k.ltrans1.ltrans.o
                               0x35b8 (size before relaxing)
 .debug_str     0x00005523      0xaac C:\cygwin64\tmp\ccdHN23k.ltrans2.ltrans.o
                               0x18d9 (size before relaxing)
 .debug_str     0x00005fcf      0xaf5 C:\cygwin64\tmp\ccdHN23k.ltrans3.ltrans.o
                               0x1626 (size before relaxing)
 .debug_str     0x00006ac4      0xc30 C:\cygwin64\tmp\ccdHN23k.ltrans4.ltrans.o
                               0x218b (size before relaxing)
 .debug_str     0x000076f4      0x64f C:\cygwin64\tmp\ccdHN23k.ltrans5.ltrans.o
                               0x1388 (size before relaxing)
 .debug_str     0x00007d43      0x357 C:\cygwin64\tmp\ccdHN23k.ltrans6.ltrans.o
                               0x10b2 (size before relaxing)
 .debug_str     0x0000809a      0x58d C:\cygwin64\tmp\ccdHN23k.ltrans7.ltrans.o
                               0x1c3a (size before relaxing)
 .debug_str     0x00008627      0x317 C:\cygwin64\tmp\ccdHN23k.ltrans8.ltrans.o
                               0x1fc2 (size before relaxing)
 .debug_str     0x0000893e      0x3bb C:\cygwin64\tmp\ccdHN23k.ltrans9.ltrans.o
                                0x9bd (size before relaxing)
 .debug_str     0x00008cf9      0x164 C:\cygwin64\tmp\ccdHN23k.ltrans10.ltrans.o
                                0xe5b (size before relaxing)
 .debug_str     0x00008e5d      0x153 C:\cygwin64\tmp\ccdHN23k.ltrans11.ltrans.o
                                0x874 (size before relaxing)
 .debug_str     0x00008fb0       0xc3 C:\cygwin64\tmp\ccdHN23k.ltrans12.ltrans.o
                                0x51a (size before relaxing)

.comment        0x00000000       0x70
 .comment       0x00000000       0x70 C:\cygwin64\tmp\ccdHN23k.ltrans0.ltrans.o
                                 0x71 (size before relaxing)
 .comment       0x00000000       0x71 C:\cygwin64\tmp\ccdHN23k.ltrans1.ltrans.o
 .comment       0x00000000       0x71 C:\cygwin64\tmp\ccdHN23k.ltrans2.ltrans.o
 .comment       0x00000000       0x71 C:\cygwin64\tmp\ccdHN23k.ltrans3.ltrans.o
 .comment       0x00000000       0x71 C:\cygwin64\tmp\ccdHN23k.ltrans4.ltrans.o
 .comment       0x00000000       0x71 C:\cygwin64\tmp\ccdHN23k.ltrans5.ltrans.o
 .comment       0x00000000       0x71 C:\cygwin64\tmp\ccdHN23k.ltrans6.ltrans.o
 .comment       0x00000000       0x71 C:\cygwin64\tmp\ccdHN23k.ltrans7.ltrans.o
 .comment       0x00000000       0x71 C:\cygwin64\tmp\ccdHN23k.ltrans8.ltrans.o
 .comment       0x00000000       0x71 C:\cygwin64\tmp\ccdHN23k.ltrans9.ltrans.o
 .comment       0x00000000       0x71 C:\cygwin64\tmp\ccdHN23k.ltrans10.ltrans.o
 .comment       0x00000000       0x71 C:\cygwin64\tmp\ccdHN23k.ltrans11.ltrans.o
 .comment       0x00000000       0x71 C:\cygwin64\tmp\ccdHN23k.ltrans12.ltrans.o

.debug_frame    0x00000000     0x13e4
 .debug_frame   0x00000000       0x2c C:\cygwin64\tmp\ccdHN23k.ltrans0.ltrans.o
 .debug_frame   0x0000002c       0x3c C:\cygwin64\tmp\ccdHN23k.ltrans1.ltrans.o
 .debug_frame   0x00000068       0x3c C:\cygwin64\tmp\ccdHN23k.ltrans2.ltrans.o
 .debug_frame   0x000000a4       0x38 C:\cygwin64\tmp\ccdHN23k.ltrans3.ltrans.o
 .debug_frame   0x000000dc      0x5f0 C:\cygwin64\tmp\ccdHN23k.ltrans4.ltrans.o
 .debug_frame   0x000006cc      0x130 C:\cygwin64\tmp\ccdHN23k.ltrans5.ltrans.o
 .debug_frame   0x000007fc      0x138 C:\cygwin64\tmp\ccdHN23k.ltrans6.ltrans.o
 .debug_frame   0x00000934      0x120 C:\cygwin64\tmp\ccdHN23k.ltrans7.ltrans.o
 .debug_frame   0x00000a54      0x194 C:\cygwin64\tmp\ccdHN23k.ltrans8.ltrans.o
 .debug_frame   0x00000be8      0x17c C:\cygwin64\tmp\ccdHN23k.ltrans9.ltrans.o
 .debug_frame   0x00000d64       0x74 C:\cygwin64\tmp\ccdHN23k.ltrans10.ltrans.o
 .debug_frame   0x00000dd8       0xd0 C:\cygwin64\tmp\ccdHN23k.ltrans11.ltrans.o
 .debug_frame   0x00000ea8       0x68 C:\cygwin64\tmp\ccdHN23k.ltrans12.ltrans.o
 .debug_frame   0x00000f10       0x28 c:/users/chalpathi/desktop/arm/bin/../lib/gcc/arm-none-eabi/4.8.4/armv7-m\libgcc.a(_fixsfdi.o)
 .debug_frame   0x00000f38       0x2c c:/users/chalpathi/desktop/arm/bin/../lib/gcc/arm-none-eabi/4.8.4/armv7-m\libgcc.a(_fixunssfdi.o)
 .debug_frame   0x00000f64       0x58 c:/users/chalpathi/desktop/arm/bin/../lib/gcc/arm-none-eabi/4.8.4/armv7-m\libgcc.a(bpabi.o)
 .debug_frame   0x00000fbc       0x34 c:/users/chalpathi/desktop/arm/bin/../lib/gcc/arm-none-eabi/4.8.4/armv7-m\libgcc.a(_divdi3.o)
 .debug_frame   0x00000ff0       0x34 c:/users/chalpathi/desktop/arm/bin/../lib/gcc/arm-none-eabi/4.8.4/armv7-m\libgcc.a(_udivdi3.o)
 .debug_frame   0x00001024       0x28 c:/users/chalpathi/desktop/arm/bin/../lib/gcc/arm-none-eabi/4.8.4/../../../../arm-none-eabi/lib/armv7-m\libg_s.a(lib_a-memcpy-stub.o)
 .debug_frame   0x0000104c       0x20 c:/users/chalpathi/desktop/arm/bin/../lib/gcc/arm-none-eabi/4.8.4/../../../../arm-none-eabi/lib/armv7-m\libg_s.a(lib_a-memset.o)
 .debug_frame   0x0000106c       0x20 c:/users/chalpathi/desktop/arm/bin/../lib/gcc/arm-none-eabi/4.8.4/../../../../arm-none-eabi/lib/armv7-m\libg_s.a(lib_a-strchr.o)
 .debug_frame   0x0000108c       0x20 c:/users/chalpathi/desktop/arm/bin/../lib/gcc/arm-none-eabi/4.8.4/../../../../arm-none-eabi/lib/armv7-m\libg_s.a(lib_a-strlen.o)
 .debug_frame   0x000010ac       0x2c c:/users/chalpathi/desktop/arm/bin/../lib/gcc/arm-none-eabi/4.8.4/../../../../arm-none-eabi/lib/armv7-m\libm.a(lib_a-sf_lrint.o)
 .debug_frame   0x000010d8       0x30 c:/users/chalpathi/desktop/arm/bin/../lib/gcc/arm-none-eabi/4.8.4/../../../../arm-none-eabi/lib/armv7-m\libm.a(lib_a-wf_acos.o)
 .debug_frame   0x00001108       0x20 c:/users/chalpathi/desktop/arm/bin/../lib/gcc/arm-none-eabi/4.8.4/../../../../arm-none-eabi/lib/armv7-m\libm.a(lib_a-wf_atan2.o)
 .debug_frame   0x00001128       0x34 c:/users/chalpathi/desktop/arm/bin/../lib/gcc/arm-none-eabi/4.8.4/../../../../arm-none-eabi/lib/armv7-m\libm.a(lib_a-wf_pow.o)
 .debug_frame   0x0000115c       0x30 c:/users/chalpathi/desktop/arm/bin/../lib/gcc/arm-none-eabi/4.8.4/../../../../arm-none-eabi/lib/armv7-m\libm.a(lib_a-wf_sqrt.o)
 .debug_frame   0x0000118c       0x30 c:/users/chalpathi/desktop/arm/bin/../lib/gcc/arm-none-eabi/4.8.4/../../../../arm-none-eabi/lib/armv7-m\libm.a(lib_a-ef_acos.o)
 .debug_frame   0x000011bc       0x30 c:/users/chalpathi/desktop/arm/bin/../lib/gcc/arm-none-eabi/4.8.4/../../../../arm-none-eabi/lib/armv7-m\libm.a(lib_a-ef_atan2.o)
 .debug_frame   0x000011ec       0x38 c:/users/chalpathi/desktop/arm/bin/../lib/gcc/arm-none-eabi/4.8.4/../../../../arm-none-eabi/lib/armv7-m\libm.a(lib_a-ef_pow.o)
 .debug_frame   0x00001224       0x30 c:/users/chalpathi/desktop/arm/bin/../lib/gcc/arm-none-eabi/4.8.4/../../../../arm-none-eabi/lib/armv7-m\libm.a(lib_a-ef_sqrt.o)
 .debug_frame   0x00001254       0x20 c:/users/chalpathi/desktop/arm/bin/../lib/gcc/arm-none-eabi/4.8.4/../../../../arm-none-eabi/lib/armv7-m\libm.a(lib_a-s_matherr.o)
 .debug_frame   0x00001274       0x20 c:/users/chalpathi/desktop/arm/bin/../lib/gcc/arm-none-eabi/4.8.4/../../../../arm-none-eabi/lib/armv7-m\libm.a(lib_a-s_nan.o)
 .debug_frame   0x00001294       0x34 c:/users/chalpathi/desktop/arm/bin/../lib/gcc/arm-none-eabi/4.8.4/../../../../arm-none-eabi/lib/armv7-m\libm.a(lib_a-s_rint.o)
 .debug_frame   0x000012c8       0x30 c:/users/chalpathi/desktop/arm/bin/../lib/gcc/arm-none-eabi/4.8.4/../../../../arm-none-eabi/lib/armv7-m\libm.a(lib_a-sf_atan.o)
 .debug_frame   0x000012f8       0x20 c:/users/chalpathi/desktop/arm/bin/../lib/gcc/arm-none-eabi/4.8.4/../../../../arm-none-eabi/lib/armv7-m\libm.a(lib_a-sf_fabs.o)
 .debug_frame   0x00001318       0x20 c:/users/chalpathi/desktop/arm/bin/../lib/gcc/arm-none-eabi/4.8.4/../../../../arm-none-eabi/lib/armv7-m\libm.a(lib_a-sf_finite.o)
 .debug_frame   0x00001338       0x20 c:/users/chalpathi/desktop/arm/bin/../lib/gcc/arm-none-eabi/4.8.4/../../../../arm-none-eabi/lib/armv7-m\libm.a(lib_a-sf_fpclassify.o)
 .debug_frame   0x00001358       0x20 c:/users/chalpathi/desktop/arm/bin/../lib/gcc/arm-none-eabi/4.8.4/../../../../arm-none-eabi/lib/armv7-m\libm.a(lib_a-sf_nan.o)
 .debug_frame   0x00001378       0x2c c:/users/chalpathi/desktop/arm/bin/../lib/gcc/arm-none-eabi/4.8.4/../../../../arm-none-eabi/lib/armv7-m\libm.a(lib_a-sf_scalbn.o)
 .debug_frame   0x000013a4       0x20 c:/users/chalpathi/desktop/arm/bin/../lib/gcc/arm-none-eabi/4.8.4/../../../../arm-none-eabi/lib/armv7-m\libm.a(lib_a-sf_copysign.o)
 .debug_frame   0x000013c4       0x20 c:/users/chalpathi/desktop/arm/bin/../lib/gcc/arm-none-eabi/4.8.4/../../../../arm-none-eabi/lib/armv7-m\libc_s.a(lib_a-errno.o)
